INF [20100405-17:20:02.007] kestrel: Configuring queue high: journal=false, max_items=2147483647, max_size=9223372036854775807, max_age=0, max_journal_size=16777216, max_memory_size=36000000, max_journal_overflow=10, max_journal_size_absolute=9223372036854775807, discard_old_when_full=false, sync_journal=false
INF [20100405-17:20:02.012] kestrel: Configuring queue high_errors: journal=false, max_items=2147483647, max_size=9223372036854775807, max_age=0, max_journal_size=16777216, max_memory_size=36000000, max_journal_overflow=10, max_journal_size_absolute=9223372036854775807, discard_old_when_full=false, sync_journal=false
INF [20100405-17:20:02.019] kestrel: Configuring queue medium: journal=false, max_items=2147483647, max_size=9223372036854775807, max_age=0, max_journal_size=16777216, max_memory_size=36000000, max_journal_overflow=10, max_journal_size_absolute=9223372036854775807, discard_old_when_full=false, sync_journal=false
INF [20100405-17:20:02.020] kestrel: Configuring queue medium_errors: journal=false, max_items=2147483647, max_size=9223372036854775807, max_age=0, max_journal_size=16777216, max_memory_size=36000000, max_journal_overflow=10, max_journal_size_absolute=9223372036854775807, discard_old_when_full=false, sync_journal=false
INF [20100405-17:20:02.021] kestrel: Configuring queue low: journal=false, max_items=2147483647, max_size=9223372036854775807, max_age=0, max_journal_size=16777216, max_memory_size=36000000, max_journal_overflow=10, max_journal_size_absolute=9223372036854775807, discard_old_when_full=false, sync_journal=false
INF [20100405-17:20:02.022] kestrel: Configuring queue low_errors: journal=false, max_items=2147483647, max_size=9223372036854775807, max_age=0, max_journal_size=16777216, max_memory_size=36000000, max_journal_overflow=10, max_journal_size_absolute=9223372036854775807, discard_old_when_full=false, sync_journal=false
INF [20100405-17:20:02.160] ostrich: Starting Retry process for low errors
INF [20100405-17:20:02.161] scheduler: Starting JobScheduler: <ErrorHandlingJobQueue 'low'>
INF [20100405-17:20:02.164] scheduler: Starting JobEvaluatorThread: <ErrorHandlingJobQueue 'low'>
INF [20100405-17:20:02.169] ostrich: Starting Retry process for medium errors
INF [20100405-17:20:02.175] scheduler: Starting JobScheduler: <ErrorHandlingJobQueue 'medium'>
INF [20100405-17:20:02.176] scheduler: Starting JobEvaluatorThread: <ErrorHandlingJobQueue 'medium'>
INF [20100405-17:20:02.186] ostrich: Starting Retry process for high errors
INF [20100405-17:20:02.186] scheduler: Starting JobScheduler: <ErrorHandlingJobQueue 'high'>
INF [20100405-17:20:02.187] scheduler: Starting JobEvaluatorThread: <ErrorHandlingJobQueue 'high'>
INF [20100405-17:20:02.584] kestrel: Configuring queue high: journal=false, max_items=2147483647, max_size=9223372036854775807, max_age=0, max_journal_size=16777216, max_memory_size=36000000, max_journal_overflow=10, max_journal_size_absolute=9223372036854775807, discard_old_when_full=false, sync_journal=false
INF [20100405-17:20:02.585] kestrel: Configuring queue high_errors: journal=false, max_items=2147483647, max_size=9223372036854775807, max_age=0, max_journal_size=16777216, max_memory_size=36000000, max_journal_overflow=10, max_journal_size_absolute=9223372036854775807, discard_old_when_full=false, sync_journal=false
INF [20100405-17:20:02.586] kestrel: Configuring queue medium: journal=false, max_items=2147483647, max_size=9223372036854775807, max_age=0, max_journal_size=16777216, max_memory_size=36000000, max_journal_overflow=10, max_journal_size_absolute=9223372036854775807, discard_old_when_full=false, sync_journal=false
INF [20100405-17:20:02.586] kestrel: Configuring queue medium_errors: journal=false, max_items=2147483647, max_size=9223372036854775807, max_age=0, max_journal_size=16777216, max_memory_size=36000000, max_journal_overflow=10, max_journal_size_absolute=9223372036854775807, discard_old_when_full=false, sync_journal=false
INF [20100405-17:20:02.587] kestrel: Configuring queue low: journal=false, max_items=2147483647, max_size=9223372036854775807, max_age=0, max_journal_size=16777216, max_memory_size=36000000, max_journal_overflow=10, max_journal_size_absolute=9223372036854775807, discard_old_when_full=false, sync_journal=false
INF [20100405-17:20:02.588] kestrel: Configuring queue low_errors: journal=false, max_items=2147483647, max_size=9223372036854775807, max_age=0, max_journal_size=16777216, max_memory_size=36000000, max_journal_overflow=10, max_journal_size_absolute=9223372036854775807, discard_old_when_full=false, sync_journal=false
INF [20100405-17:20:02.670] ostrich: Starting Retry process for low errors
INF [20100405-17:20:02.671] scheduler: Starting JobScheduler: <ErrorHandlingJobQueue 'low'>
INF [20100405-17:20:02.671] scheduler: Starting JobEvaluatorThread: <ErrorHandlingJobQueue 'low'>
INF [20100405-17:20:02.674] ostrich: Starting Retry process for medium errors
INF [20100405-17:20:02.675] scheduler: Starting JobScheduler: <ErrorHandlingJobQueue 'medium'>
INF [20100405-17:20:02.677] scheduler: Starting JobEvaluatorThread: <ErrorHandlingJobQueue 'medium'>
INF [20100405-17:20:02.679] ostrich: Starting Retry process for high errors
INF [20100405-17:20:02.679] scheduler: Starting JobScheduler: <ErrorHandlingJobQueue 'high'>
INF [20100405-17:20:02.679] scheduler: Starting JobEvaluatorThread: <ErrorHandlingJobQueue 'high'>
INF [20100405-17:20:02.800] thrift: Reloading forwardings...
INF [20100405-17:20:02.811] thrift: Reloading forwardings...
INF [20100405-17:20:02.843] kestrel: Configuring queue high: journal=false, max_items=2147483647, max_size=9223372036854775807, max_age=0, max_journal_size=16777216, max_memory_size=36000000, max_journal_overflow=10, max_journal_size_absolute=9223372036854775807, discard_old_when_full=false, sync_journal=false
INF [20100405-17:20:02.844] kestrel: Configuring queue high_errors: journal=false, max_items=2147483647, max_size=9223372036854775807, max_age=0, max_journal_size=16777216, max_memory_size=36000000, max_journal_overflow=10, max_journal_size_absolute=9223372036854775807, discard_old_when_full=false, sync_journal=false
INF [20100405-17:20:02.845] kestrel: Configuring queue medium: journal=false, max_items=2147483647, max_size=9223372036854775807, max_age=0, max_journal_size=16777216, max_memory_size=36000000, max_journal_overflow=10, max_journal_size_absolute=9223372036854775807, discard_old_when_full=false, sync_journal=false
INF [20100405-17:20:02.846] kestrel: Configuring queue medium_errors: journal=false, max_items=2147483647, max_size=9223372036854775807, max_age=0, max_journal_size=16777216, max_memory_size=36000000, max_journal_overflow=10, max_journal_size_absolute=9223372036854775807, discard_old_when_full=false, sync_journal=false
INF [20100405-17:20:02.847] kestrel: Configuring queue low: journal=false, max_items=2147483647, max_size=9223372036854775807, max_age=0, max_journal_size=16777216, max_memory_size=36000000, max_journal_overflow=10, max_journal_size_absolute=9223372036854775807, discard_old_when_full=false, sync_journal=false
INF [20100405-17:20:02.848] kestrel: Configuring queue low_errors: journal=false, max_items=2147483647, max_size=9223372036854775807, max_age=0, max_journal_size=16777216, max_memory_size=36000000, max_journal_overflow=10, max_journal_size_absolute=9223372036854775807, discard_old_when_full=false, sync_journal=false
INF [20100405-17:20:02.967] ostrich: Starting Retry process for low errors
INF [20100405-17:20:02.967] scheduler: Starting JobScheduler: <ErrorHandlingJobQueue 'low'>
INF [20100405-17:20:02.967] scheduler: Starting JobEvaluatorThread: <ErrorHandlingJobQueue 'low'>
INF [20100405-17:20:02.971] ostrich: Starting Retry process for medium errors
INF [20100405-17:20:02.972] scheduler: Starting JobScheduler: <ErrorHandlingJobQueue 'medium'>
INF [20100405-17:20:02.972] scheduler: Starting JobEvaluatorThread: <ErrorHandlingJobQueue 'medium'>
INF [20100405-17:20:02.979] ostrich: Starting Retry process for high errors
INF [20100405-17:20:02.995] scheduler: Starting JobScheduler: <ErrorHandlingJobQueue 'high'>
INF [20100405-17:20:02.996] scheduler: Starting JobEvaluatorThread: <ErrorHandlingJobQueue 'high'>
INF [20100405-17:20:03.151] thrift: Reloading forwardings...
INF [20100405-17:20:03.169] jobs: Copying shard block (type Migrate) from 1 to 4: state=Map(cursor -> -1, write_only_shard_id -> 5, destination_shard_id -> 4, replicating_shard_id -> 6, source_shard_id -> 1, count -> 500, copy_class_name -> com.twitter.rowz.jobs.Copy)
INF [20100405-17:20:03.183] thrift: Reloading forwardings...
INF [20100405-17:20:03.301] jobs: Copying finished for (type Migrate) from 1 to 4
INF [20100405-17:21:27.515] kestrel: Configuring queue high: journal=false, max_items=2147483647, max_size=9223372036854775807, max_age=0, max_journal_size=16777216, max_memory_size=36000000, max_journal_overflow=10, max_journal_size_absolute=9223372036854775807, discard_old_when_full=false, sync_journal=false
INF [20100405-17:21:27.521] kestrel: Configuring queue high_errors: journal=false, max_items=2147483647, max_size=9223372036854775807, max_age=0, max_journal_size=16777216, max_memory_size=36000000, max_journal_overflow=10, max_journal_size_absolute=9223372036854775807, discard_old_when_full=false, sync_journal=false
INF [20100405-17:21:27.528] kestrel: Configuring queue medium: journal=false, max_items=2147483647, max_size=9223372036854775807, max_age=0, max_journal_size=16777216, max_memory_size=36000000, max_journal_overflow=10, max_journal_size_absolute=9223372036854775807, discard_old_when_full=false, sync_journal=false
INF [20100405-17:21:27.532] kestrel: Configuring queue medium_errors: journal=false, max_items=2147483647, max_size=9223372036854775807, max_age=0, max_journal_size=16777216, max_memory_size=36000000, max_journal_overflow=10, max_journal_size_absolute=9223372036854775807, discard_old_when_full=false, sync_journal=false
INF [20100405-17:21:27.533] kestrel: Configuring queue low: journal=false, max_items=2147483647, max_size=9223372036854775807, max_age=0, max_journal_size=16777216, max_memory_size=36000000, max_journal_overflow=10, max_journal_size_absolute=9223372036854775807, discard_old_when_full=false, sync_journal=false
INF [20100405-17:21:27.534] kestrel: Configuring queue low_errors: journal=false, max_items=2147483647, max_size=9223372036854775807, max_age=0, max_journal_size=16777216, max_memory_size=36000000, max_journal_overflow=10, max_journal_size_absolute=9223372036854775807, discard_old_when_full=false, sync_journal=false
INF [20100405-17:21:27.682] ostrich: Starting Retry process for low errors
INF [20100405-17:21:27.683] scheduler: Starting JobScheduler: <ErrorHandlingJobQueue 'low'>
INF [20100405-17:21:27.685] scheduler: Starting JobEvaluatorThread: <ErrorHandlingJobQueue 'low'>
INF [20100405-17:21:27.686] ostrich: Starting Retry process for medium errors
INF [20100405-17:21:27.687] scheduler: Starting JobScheduler: <ErrorHandlingJobQueue 'medium'>
INF [20100405-17:21:27.688] scheduler: Starting JobEvaluatorThread: <ErrorHandlingJobQueue 'medium'>
INF [20100405-17:21:27.691] ostrich: Starting Retry process for high errors
INF [20100405-17:21:27.691] scheduler: Starting JobScheduler: <ErrorHandlingJobQueue 'high'>
INF [20100405-17:21:27.691] scheduler: Starting JobEvaluatorThread: <ErrorHandlingJobQueue 'high'>
INF [20100405-17:21:28.097] kestrel: Configuring queue high: journal=false, max_items=2147483647, max_size=9223372036854775807, max_age=0, max_journal_size=16777216, max_memory_size=36000000, max_journal_overflow=10, max_journal_size_absolute=9223372036854775807, discard_old_when_full=false, sync_journal=false
INF [20100405-17:21:28.098] kestrel: Configuring queue high_errors: journal=false, max_items=2147483647, max_size=9223372036854775807, max_age=0, max_journal_size=16777216, max_memory_size=36000000, max_journal_overflow=10, max_journal_size_absolute=9223372036854775807, discard_old_when_full=false, sync_journal=false
INF [20100405-17:21:28.099] kestrel: Configuring queue medium: journal=false, max_items=2147483647, max_size=9223372036854775807, max_age=0, max_journal_size=16777216, max_memory_size=36000000, max_journal_overflow=10, max_journal_size_absolute=9223372036854775807, discard_old_when_full=false, sync_journal=false
INF [20100405-17:21:28.100] kestrel: Configuring queue medium_errors: journal=false, max_items=2147483647, max_size=9223372036854775807, max_age=0, max_journal_size=16777216, max_memory_size=36000000, max_journal_overflow=10, max_journal_size_absolute=9223372036854775807, discard_old_when_full=false, sync_journal=false
INF [20100405-17:21:28.101] kestrel: Configuring queue low: journal=false, max_items=2147483647, max_size=9223372036854775807, max_age=0, max_journal_size=16777216, max_memory_size=36000000, max_journal_overflow=10, max_journal_size_absolute=9223372036854775807, discard_old_when_full=false, sync_journal=false
INF [20100405-17:21:28.103] kestrel: Configuring queue low_errors: journal=false, max_items=2147483647, max_size=9223372036854775807, max_age=0, max_journal_size=16777216, max_memory_size=36000000, max_journal_overflow=10, max_journal_size_absolute=9223372036854775807, discard_old_when_full=false, sync_journal=false
INF [20100405-17:21:28.188] ostrich: Starting Retry process for low errors
INF [20100405-17:21:28.188] scheduler: Starting JobScheduler: <ErrorHandlingJobQueue 'low'>
INF [20100405-17:21:28.189] scheduler: Starting JobEvaluatorThread: <ErrorHandlingJobQueue 'low'>
INF [20100405-17:21:28.193] ostrich: Starting Retry process for medium errors
INF [20100405-17:21:28.194] scheduler: Starting JobScheduler: <ErrorHandlingJobQueue 'medium'>
INF [20100405-17:21:28.195] scheduler: Starting JobEvaluatorThread: <ErrorHandlingJobQueue 'medium'>
INF [20100405-17:21:28.196] ostrich: Starting Retry process for high errors
INF [20100405-17:21:28.197] scheduler: Starting JobScheduler: <ErrorHandlingJobQueue 'high'>
INF [20100405-17:21:28.197] scheduler: Starting JobEvaluatorThread: <ErrorHandlingJobQueue 'high'>
INF [20100405-17:21:28.309] thrift: Reloading forwardings...
INF [20100405-17:21:28.322] thrift: Reloading forwardings...
INF [20100405-17:21:28.347] kestrel: Configuring queue high: journal=false, max_items=2147483647, max_size=9223372036854775807, max_age=0, max_journal_size=16777216, max_memory_size=36000000, max_journal_overflow=10, max_journal_size_absolute=9223372036854775807, discard_old_when_full=false, sync_journal=false
INF [20100405-17:21:28.348] kestrel: Configuring queue high_errors: journal=false, max_items=2147483647, max_size=9223372036854775807, max_age=0, max_journal_size=16777216, max_memory_size=36000000, max_journal_overflow=10, max_journal_size_absolute=9223372036854775807, discard_old_when_full=false, sync_journal=false
INF [20100405-17:21:28.350] kestrel: Configuring queue medium: journal=false, max_items=2147483647, max_size=9223372036854775807, max_age=0, max_journal_size=16777216, max_memory_size=36000000, max_journal_overflow=10, max_journal_size_absolute=9223372036854775807, discard_old_when_full=false, sync_journal=false
INF [20100405-17:21:28.350] kestrel: Configuring queue medium_errors: journal=false, max_items=2147483647, max_size=9223372036854775807, max_age=0, max_journal_size=16777216, max_memory_size=36000000, max_journal_overflow=10, max_journal_size_absolute=9223372036854775807, discard_old_when_full=false, sync_journal=false
INF [20100405-17:21:28.352] kestrel: Configuring queue low: journal=false, max_items=2147483647, max_size=9223372036854775807, max_age=0, max_journal_size=16777216, max_memory_size=36000000, max_journal_overflow=10, max_journal_size_absolute=9223372036854775807, discard_old_when_full=false, sync_journal=false
INF [20100405-17:21:28.353] kestrel: Configuring queue low_errors: journal=false, max_items=2147483647, max_size=9223372036854775807, max_age=0, max_journal_size=16777216, max_memory_size=36000000, max_journal_overflow=10, max_journal_size_absolute=9223372036854775807, discard_old_when_full=false, sync_journal=false
INF [20100405-17:21:28.465] ostrich: Starting Retry process for low errors
INF [20100405-17:21:28.466] scheduler: Starting JobScheduler: <ErrorHandlingJobQueue 'low'>
INF [20100405-17:21:28.466] scheduler: Starting JobEvaluatorThread: <ErrorHandlingJobQueue 'low'>
INF [20100405-17:21:28.467] ostrich: Starting Retry process for medium errors
INF [20100405-17:21:28.468] scheduler: Starting JobScheduler: <ErrorHandlingJobQueue 'medium'>
INF [20100405-17:21:28.468] scheduler: Starting JobEvaluatorThread: <ErrorHandlingJobQueue 'medium'>
INF [20100405-17:21:28.470] ostrich: Starting Retry process for high errors
INF [20100405-17:21:28.470] scheduler: Starting JobScheduler: <ErrorHandlingJobQueue 'high'>
INF [20100405-17:21:28.470] scheduler: Starting JobEvaluatorThread: <ErrorHandlingJobQueue 'high'>
INF [20100405-17:21:28.605] thrift: Reloading forwardings...
INF [20100405-17:21:28.628] jobs: Copying shard block (type Migrate) from 1 to 4: state=Map(cursor -> -1, write_only_shard_id -> 5, destination_shard_id -> 4, replicating_shard_id -> 6, source_shard_id -> 1, count -> 500, copy_class_name -> com.twitter.rowz.jobs.Copy)
INF [20100405-17:21:28.631] thrift: Reloading forwardings...
INF [20100405-17:21:28.692] jobs: Copying finished for (type Migrate) from 1 to 4
INF [20100405-17:22:45.818] kestrel: Configuring queue high: journal=false, max_items=2147483647, max_size=9223372036854775807, max_age=0, max_journal_size=16777216, max_memory_size=36000000, max_journal_overflow=10, max_journal_size_absolute=9223372036854775807, discard_old_when_full=false, sync_journal=false
INF [20100405-17:22:45.825] kestrel: Configuring queue high_errors: journal=false, max_items=2147483647, max_size=9223372036854775807, max_age=0, max_journal_size=16777216, max_memory_size=36000000, max_journal_overflow=10, max_journal_size_absolute=9223372036854775807, discard_old_when_full=false, sync_journal=false
INF [20100405-17:22:45.834] kestrel: Configuring queue medium: journal=false, max_items=2147483647, max_size=9223372036854775807, max_age=0, max_journal_size=16777216, max_memory_size=36000000, max_journal_overflow=10, max_journal_size_absolute=9223372036854775807, discard_old_when_full=false, sync_journal=false
INF [20100405-17:22:45.838] kestrel: Configuring queue medium_errors: journal=false, max_items=2147483647, max_size=9223372036854775807, max_age=0, max_journal_size=16777216, max_memory_size=36000000, max_journal_overflow=10, max_journal_size_absolute=9223372036854775807, discard_old_when_full=false, sync_journal=false
INF [20100405-17:22:45.839] kestrel: Configuring queue low: journal=false, max_items=2147483647, max_size=9223372036854775807, max_age=0, max_journal_size=16777216, max_memory_size=36000000, max_journal_overflow=10, max_journal_size_absolute=9223372036854775807, discard_old_when_full=false, sync_journal=false
INF [20100405-17:22:45.841] kestrel: Configuring queue low_errors: journal=false, max_items=2147483647, max_size=9223372036854775807, max_age=0, max_journal_size=16777216, max_memory_size=36000000, max_journal_overflow=10, max_journal_size_absolute=9223372036854775807, discard_old_when_full=false, sync_journal=false
INF [20100405-17:22:46.027] ostrich: Starting Retry process for low errors
INF [20100405-17:22:46.028] scheduler: Starting JobScheduler: <ErrorHandlingJobQueue 'low'>
INF [20100405-17:22:46.030] scheduler: Starting JobEvaluatorThread: <ErrorHandlingJobQueue 'low'>
INF [20100405-17:22:46.032] ostrich: Starting Retry process for medium errors
INF [20100405-17:22:46.032] scheduler: Starting JobScheduler: <ErrorHandlingJobQueue 'medium'>
INF [20100405-17:22:46.033] scheduler: Starting JobEvaluatorThread: <ErrorHandlingJobQueue 'medium'>
INF [20100405-17:22:46.038] ostrich: Starting Retry process for high errors
INF [20100405-17:22:46.050] scheduler: Starting JobScheduler: <ErrorHandlingJobQueue 'high'>
INF [20100405-17:22:46.051] scheduler: Starting JobEvaluatorThread: <ErrorHandlingJobQueue 'high'>
INF [20100405-17:22:46.408] kestrel: Configuring queue high: journal=false, max_items=2147483647, max_size=9223372036854775807, max_age=0, max_journal_size=16777216, max_memory_size=36000000, max_journal_overflow=10, max_journal_size_absolute=9223372036854775807, discard_old_when_full=false, sync_journal=false
INF [20100405-17:22:46.410] kestrel: Configuring queue high_errors: journal=false, max_items=2147483647, max_size=9223372036854775807, max_age=0, max_journal_size=16777216, max_memory_size=36000000, max_journal_overflow=10, max_journal_size_absolute=9223372036854775807, discard_old_when_full=false, sync_journal=false
INF [20100405-17:22:46.411] kestrel: Configuring queue medium: journal=false, max_items=2147483647, max_size=9223372036854775807, max_age=0, max_journal_size=16777216, max_memory_size=36000000, max_journal_overflow=10, max_journal_size_absolute=9223372036854775807, discard_old_when_full=false, sync_journal=false
INF [20100405-17:22:46.412] kestrel: Configuring queue medium_errors: journal=false, max_items=2147483647, max_size=9223372036854775807, max_age=0, max_journal_size=16777216, max_memory_size=36000000, max_journal_overflow=10, max_journal_size_absolute=9223372036854775807, discard_old_when_full=false, sync_journal=false
INF [20100405-17:22:46.419] kestrel: Configuring queue low: journal=false, max_items=2147483647, max_size=9223372036854775807, max_age=0, max_journal_size=16777216, max_memory_size=36000000, max_journal_overflow=10, max_journal_size_absolute=9223372036854775807, discard_old_when_full=false, sync_journal=false
INF [20100405-17:22:46.420] kestrel: Configuring queue low_errors: journal=false, max_items=2147483647, max_size=9223372036854775807, max_age=0, max_journal_size=16777216, max_memory_size=36000000, max_journal_overflow=10, max_journal_size_absolute=9223372036854775807, discard_old_when_full=false, sync_journal=false
INF [20100405-17:22:46.617] ostrich: Starting Retry process for low errors
INF [20100405-17:22:46.619] scheduler: Starting JobScheduler: <ErrorHandlingJobQueue 'low'>
INF [20100405-17:22:46.619] scheduler: Starting JobEvaluatorThread: <ErrorHandlingJobQueue 'low'>
INF [20100405-17:22:46.621] ostrich: Starting Retry process for medium errors
INF [20100405-17:22:46.624] scheduler: Starting JobScheduler: <ErrorHandlingJobQueue 'medium'>
INF [20100405-17:22:46.625] scheduler: Starting JobEvaluatorThread: <ErrorHandlingJobQueue 'medium'>
INF [20100405-17:22:46.627] ostrich: Starting Retry process for high errors
INF [20100405-17:22:46.632] scheduler: Starting JobScheduler: <ErrorHandlingJobQueue 'high'>
INF [20100405-17:22:46.632] scheduler: Starting JobEvaluatorThread: <ErrorHandlingJobQueue 'high'>
INF [20100405-17:22:46.677] thrift: Reloading forwardings...
INF [20100405-17:22:46.701] thrift: Reloading forwardings...
INF [20100405-17:22:46.723] kestrel: Configuring queue high: journal=false, max_items=2147483647, max_size=9223372036854775807, max_age=0, max_journal_size=16777216, max_memory_size=36000000, max_journal_overflow=10, max_journal_size_absolute=9223372036854775807, discard_old_when_full=false, sync_journal=false
INF [20100405-17:22:46.724] kestrel: Configuring queue high_errors: journal=false, max_items=2147483647, max_size=9223372036854775807, max_age=0, max_journal_size=16777216, max_memory_size=36000000, max_journal_overflow=10, max_journal_size_absolute=9223372036854775807, discard_old_when_full=false, sync_journal=false
INF [20100405-17:22:46.727] kestrel: Configuring queue medium: journal=false, max_items=2147483647, max_size=9223372036854775807, max_age=0, max_journal_size=16777216, max_memory_size=36000000, max_journal_overflow=10, max_journal_size_absolute=9223372036854775807, discard_old_when_full=false, sync_journal=false
INF [20100405-17:22:46.728] kestrel: Configuring queue medium_errors: journal=false, max_items=2147483647, max_size=9223372036854775807, max_age=0, max_journal_size=16777216, max_memory_size=36000000, max_journal_overflow=10, max_journal_size_absolute=9223372036854775807, discard_old_when_full=false, sync_journal=false
INF [20100405-17:22:46.729] kestrel: Configuring queue low: journal=false, max_items=2147483647, max_size=9223372036854775807, max_age=0, max_journal_size=16777216, max_memory_size=36000000, max_journal_overflow=10, max_journal_size_absolute=9223372036854775807, discard_old_when_full=false, sync_journal=false
INF [20100405-17:22:46.731] kestrel: Configuring queue low_errors: journal=false, max_items=2147483647, max_size=9223372036854775807, max_age=0, max_journal_size=16777216, max_memory_size=36000000, max_journal_overflow=10, max_journal_size_absolute=9223372036854775807, discard_old_when_full=false, sync_journal=false
INF [20100405-17:22:47.035] ostrich: Starting Retry process for low errors
INF [20100405-17:22:47.039] scheduler: Starting JobScheduler: <ErrorHandlingJobQueue 'low'>
INF [20100405-17:22:47.039] scheduler: Starting JobEvaluatorThread: <ErrorHandlingJobQueue 'low'>
INF [20100405-17:22:47.045] ostrich: Starting Retry process for medium errors
INF [20100405-17:22:47.048] scheduler: Starting JobScheduler: <ErrorHandlingJobQueue 'medium'>
INF [20100405-17:22:47.049] scheduler: Starting JobEvaluatorThread: <ErrorHandlingJobQueue 'medium'>
INF [20100405-17:22:47.051] ostrich: Starting Retry process for high errors
INF [20100405-17:22:47.055] scheduler: Starting JobScheduler: <ErrorHandlingJobQueue 'high'>
INF [20100405-17:22:47.055] scheduler: Starting JobEvaluatorThread: <ErrorHandlingJobQueue 'high'>
INF [20100405-17:22:47.205] thrift: Reloading forwardings...
INF [20100405-17:22:47.229] jobs: Copying shard block (type Migrate) from 1 to 4: state=Map(cursor -> -1, write_only_shard_id -> 5, destination_shard_id -> 4, replicating_shard_id -> 6, source_shard_id -> 1, count -> 500, copy_class_name -> com.twitter.rowz.jobs.Copy)
INF [20100405-17:22:47.234] thrift: Reloading forwardings...
INF [20100405-17:22:47.345] jobs: Copying finished for (type Migrate) from 1 to 4
INF [20100405-17:26:56.592] kestrel: Configuring queue high: journal=false, max_items=2147483647, max_size=9223372036854775807, max_age=0, max_journal_size=16777216, max_memory_size=36000000, max_journal_overflow=10, max_journal_size_absolute=9223372036854775807, discard_old_when_full=false, sync_journal=false
INF [20100405-17:26:56.601] kestrel: Configuring queue high_errors: journal=false, max_items=2147483647, max_size=9223372036854775807, max_age=0, max_journal_size=16777216, max_memory_size=36000000, max_journal_overflow=10, max_journal_size_absolute=9223372036854775807, discard_old_when_full=false, sync_journal=false
INF [20100405-17:26:56.610] kestrel: Configuring queue medium: journal=false, max_items=2147483647, max_size=9223372036854775807, max_age=0, max_journal_size=16777216, max_memory_size=36000000, max_journal_overflow=10, max_journal_size_absolute=9223372036854775807, discard_old_when_full=false, sync_journal=false
INF [20100405-17:26:56.616] kestrel: Configuring queue medium_errors: journal=false, max_items=2147483647, max_size=9223372036854775807, max_age=0, max_journal_size=16777216, max_memory_size=36000000, max_journal_overflow=10, max_journal_size_absolute=9223372036854775807, discard_old_when_full=false, sync_journal=false
INF [20100405-17:26:56.618] kestrel: Configuring queue low: journal=false, max_items=2147483647, max_size=9223372036854775807, max_age=0, max_journal_size=16777216, max_memory_size=36000000, max_journal_overflow=10, max_journal_size_absolute=9223372036854775807, discard_old_when_full=false, sync_journal=false
INF [20100405-17:26:56.619] kestrel: Configuring queue low_errors: journal=false, max_items=2147483647, max_size=9223372036854775807, max_age=0, max_journal_size=16777216, max_memory_size=36000000, max_journal_overflow=10, max_journal_size_absolute=9223372036854775807, discard_old_when_full=false, sync_journal=false
INF [20100405-17:26:56.785] ostrich: Starting Retry process for low errors
INF [20100405-17:26:56.791] scheduler: Starting JobScheduler: <ErrorHandlingJobQueue 'low'>
INF [20100405-17:26:56.793] scheduler: Starting JobEvaluatorThread: <ErrorHandlingJobQueue 'low'>
INF [20100405-17:26:56.797] ostrich: Starting Retry process for medium errors
INF [20100405-17:26:56.798] scheduler: Starting JobScheduler: <ErrorHandlingJobQueue 'medium'>
INF [20100405-17:26:56.799] scheduler: Starting JobEvaluatorThread: <ErrorHandlingJobQueue 'medium'>
INF [20100405-17:26:56.818] ostrich: Starting Retry process for high errors
INF [20100405-17:26:56.821] scheduler: Starting JobScheduler: <ErrorHandlingJobQueue 'high'>
INF [20100405-17:26:56.822] scheduler: Starting JobEvaluatorThread: <ErrorHandlingJobQueue 'high'>
INF [20100405-17:26:57.298] kestrel: Configuring queue high: journal=false, max_items=2147483647, max_size=9223372036854775807, max_age=0, max_journal_size=16777216, max_memory_size=36000000, max_journal_overflow=10, max_journal_size_absolute=9223372036854775807, discard_old_when_full=false, sync_journal=false
INF [20100405-17:26:57.298] kestrel: Configuring queue high_errors: journal=false, max_items=2147483647, max_size=9223372036854775807, max_age=0, max_journal_size=16777216, max_memory_size=36000000, max_journal_overflow=10, max_journal_size_absolute=9223372036854775807, discard_old_when_full=false, sync_journal=false
INF [20100405-17:26:57.300] kestrel: Configuring queue medium: journal=false, max_items=2147483647, max_size=9223372036854775807, max_age=0, max_journal_size=16777216, max_memory_size=36000000, max_journal_overflow=10, max_journal_size_absolute=9223372036854775807, discard_old_when_full=false, sync_journal=false
INF [20100405-17:26:57.300] kestrel: Configuring queue medium_errors: journal=false, max_items=2147483647, max_size=9223372036854775807, max_age=0, max_journal_size=16777216, max_memory_size=36000000, max_journal_overflow=10, max_journal_size_absolute=9223372036854775807, discard_old_when_full=false, sync_journal=false
INF [20100405-17:26:57.301] kestrel: Configuring queue low: journal=false, max_items=2147483647, max_size=9223372036854775807, max_age=0, max_journal_size=16777216, max_memory_size=36000000, max_journal_overflow=10, max_journal_size_absolute=9223372036854775807, discard_old_when_full=false, sync_journal=false
INF [20100405-17:26:57.303] kestrel: Configuring queue low_errors: journal=false, max_items=2147483647, max_size=9223372036854775807, max_age=0, max_journal_size=16777216, max_memory_size=36000000, max_journal_overflow=10, max_journal_size_absolute=9223372036854775807, discard_old_when_full=false, sync_journal=false
INF [20100405-17:26:57.435] ostrich: Starting Retry process for low errors
INF [20100405-17:26:57.436] scheduler: Starting JobScheduler: <ErrorHandlingJobQueue 'low'>
INF [20100405-17:26:57.436] scheduler: Starting JobEvaluatorThread: <ErrorHandlingJobQueue 'low'>
INF [20100405-17:26:57.443] ostrich: Starting Retry process for medium errors
INF [20100405-17:26:57.459] scheduler: Starting JobScheduler: <ErrorHandlingJobQueue 'medium'>
INF [20100405-17:26:57.459] scheduler: Starting JobEvaluatorThread: <ErrorHandlingJobQueue 'medium'>
INF [20100405-17:26:57.461] ostrich: Starting Retry process for high errors
INF [20100405-17:26:57.462] scheduler: Starting JobScheduler: <ErrorHandlingJobQueue 'high'>
INF [20100405-17:26:57.462] scheduler: Starting JobEvaluatorThread: <ErrorHandlingJobQueue 'high'>
INF [20100405-17:26:57.645] thrift: Reloading forwardings...
INF [20100405-17:26:57.667] thrift: Reloading forwardings...
INF [20100405-17:26:57.691] kestrel: Configuring queue high: journal=false, max_items=2147483647, max_size=9223372036854775807, max_age=0, max_journal_size=16777216, max_memory_size=36000000, max_journal_overflow=10, max_journal_size_absolute=9223372036854775807, discard_old_when_full=false, sync_journal=false
INF [20100405-17:26:57.692] kestrel: Configuring queue high_errors: journal=false, max_items=2147483647, max_size=9223372036854775807, max_age=0, max_journal_size=16777216, max_memory_size=36000000, max_journal_overflow=10, max_journal_size_absolute=9223372036854775807, discard_old_when_full=false, sync_journal=false
INF [20100405-17:26:57.694] kestrel: Configuring queue medium: journal=false, max_items=2147483647, max_size=9223372036854775807, max_age=0, max_journal_size=16777216, max_memory_size=36000000, max_journal_overflow=10, max_journal_size_absolute=9223372036854775807, discard_old_when_full=false, sync_journal=false
INF [20100405-17:26:57.695] kestrel: Configuring queue medium_errors: journal=false, max_items=2147483647, max_size=9223372036854775807, max_age=0, max_journal_size=16777216, max_memory_size=36000000, max_journal_overflow=10, max_journal_size_absolute=9223372036854775807, discard_old_when_full=false, sync_journal=false
INF [20100405-17:26:57.696] kestrel: Configuring queue low: journal=false, max_items=2147483647, max_size=9223372036854775807, max_age=0, max_journal_size=16777216, max_memory_size=36000000, max_journal_overflow=10, max_journal_size_absolute=9223372036854775807, discard_old_when_full=false, sync_journal=false
INF [20100405-17:26:57.698] kestrel: Configuring queue low_errors: journal=false, max_items=2147483647, max_size=9223372036854775807, max_age=0, max_journal_size=16777216, max_memory_size=36000000, max_journal_overflow=10, max_journal_size_absolute=9223372036854775807, discard_old_when_full=false, sync_journal=false
INF [20100405-17:26:58.019] ostrich: Starting Retry process for low errors
INF [20100405-17:26:58.020] scheduler: Starting JobScheduler: <ErrorHandlingJobQueue 'low'>
INF [20100405-17:26:58.020] scheduler: Starting JobEvaluatorThread: <ErrorHandlingJobQueue 'low'>
INF [20100405-17:26:58.022] ostrich: Starting Retry process for medium errors
INF [20100405-17:26:58.023] scheduler: Starting JobScheduler: <ErrorHandlingJobQueue 'medium'>
INF [20100405-17:26:58.023] scheduler: Starting JobEvaluatorThread: <ErrorHandlingJobQueue 'medium'>
INF [20100405-17:26:58.025] ostrich: Starting Retry process for high errors
INF [20100405-17:26:58.026] scheduler: Starting JobScheduler: <ErrorHandlingJobQueue 'high'>
INF [20100405-17:26:58.026] scheduler: Starting JobEvaluatorThread: <ErrorHandlingJobQueue 'high'>
INF [20100405-17:26:58.077] thrift: Reloading forwardings...
INF [20100405-17:26:58.106] thrift: Reloading forwardings...
INF [20100405-17:26:58.109] jobs: Copying shard block (type Migrate) from 1 to 4: state=Map(cursor -> -1, write_only_shard_id -> 5, destination_shard_id -> 4, replicating_shard_id -> 6, source_shard_id -> 1, count -> 500, copy_class_name -> com.twitter.rowz.jobs.Copy)
INF [20100405-17:26:58.225] jobs: Copying finished for (type Migrate) from 1 to 4
INF [20100405-17:34:46.636] kestrel: Configuring queue high: journal=false, max_items=2147483647, max_size=9223372036854775807, max_age=0, max_journal_size=16777216, max_memory_size=36000000, max_journal_overflow=10, max_journal_size_absolute=9223372036854775807, discard_old_when_full=false, sync_journal=false
INF [20100405-17:34:46.642] kestrel: Configuring queue high_errors: journal=false, max_items=2147483647, max_size=9223372036854775807, max_age=0, max_journal_size=16777216, max_memory_size=36000000, max_journal_overflow=10, max_journal_size_absolute=9223372036854775807, discard_old_when_full=false, sync_journal=false
INF [20100405-17:34:46.649] kestrel: Configuring queue medium: journal=false, max_items=2147483647, max_size=9223372036854775807, max_age=0, max_journal_size=16777216, max_memory_size=36000000, max_journal_overflow=10, max_journal_size_absolute=9223372036854775807, discard_old_when_full=false, sync_journal=false
INF [20100405-17:34:46.650] kestrel: Configuring queue medium_errors: journal=false, max_items=2147483647, max_size=9223372036854775807, max_age=0, max_journal_size=16777216, max_memory_size=36000000, max_journal_overflow=10, max_journal_size_absolute=9223372036854775807, discard_old_when_full=false, sync_journal=false
INF [20100405-17:34:46.651] kestrel: Configuring queue low: journal=false, max_items=2147483647, max_size=9223372036854775807, max_age=0, max_journal_size=16777216, max_memory_size=36000000, max_journal_overflow=10, max_journal_size_absolute=9223372036854775807, discard_old_when_full=false, sync_journal=false
INF [20100405-17:34:46.652] kestrel: Configuring queue low_errors: journal=false, max_items=2147483647, max_size=9223372036854775807, max_age=0, max_journal_size=16777216, max_memory_size=36000000, max_journal_overflow=10, max_journal_size_absolute=9223372036854775807, discard_old_when_full=false, sync_journal=false
INF [20100405-17:34:46.782] ostrich: Starting Retry process for low errors
INF [20100405-17:34:46.783] scheduler: Starting JobScheduler: <ErrorHandlingJobQueue 'low'>
INF [20100405-17:34:46.785] scheduler: Starting JobEvaluatorThread: <ErrorHandlingJobQueue 'low'>
INF [20100405-17:34:46.788] ostrich: Starting Retry process for medium errors
INF [20100405-17:34:46.790] scheduler: Starting JobScheduler: <ErrorHandlingJobQueue 'medium'>
INF [20100405-17:34:46.791] scheduler: Starting JobEvaluatorThread: <ErrorHandlingJobQueue 'medium'>
INF [20100405-17:34:46.796] ostrich: Starting Retry process for high errors
INF [20100405-17:34:46.797] scheduler: Starting JobScheduler: <ErrorHandlingJobQueue 'high'>
INF [20100405-17:34:46.798] scheduler: Starting JobEvaluatorThread: <ErrorHandlingJobQueue 'high'>
INF [20100405-17:34:47.201] kestrel: Configuring queue high: journal=false, max_items=2147483647, max_size=9223372036854775807, max_age=0, max_journal_size=16777216, max_memory_size=36000000, max_journal_overflow=10, max_journal_size_absolute=9223372036854775807, discard_old_when_full=false, sync_journal=false
INF [20100405-17:34:47.202] kestrel: Configuring queue high_errors: journal=false, max_items=2147483647, max_size=9223372036854775807, max_age=0, max_journal_size=16777216, max_memory_size=36000000, max_journal_overflow=10, max_journal_size_absolute=9223372036854775807, discard_old_when_full=false, sync_journal=false
INF [20100405-17:34:47.203] kestrel: Configuring queue medium: journal=false, max_items=2147483647, max_size=9223372036854775807, max_age=0, max_journal_size=16777216, max_memory_size=36000000, max_journal_overflow=10, max_journal_size_absolute=9223372036854775807, discard_old_when_full=false, sync_journal=false
INF [20100405-17:34:47.203] kestrel: Configuring queue medium_errors: journal=false, max_items=2147483647, max_size=9223372036854775807, max_age=0, max_journal_size=16777216, max_memory_size=36000000, max_journal_overflow=10, max_journal_size_absolute=9223372036854775807, discard_old_when_full=false, sync_journal=false
INF [20100405-17:34:47.204] kestrel: Configuring queue low: journal=false, max_items=2147483647, max_size=9223372036854775807, max_age=0, max_journal_size=16777216, max_memory_size=36000000, max_journal_overflow=10, max_journal_size_absolute=9223372036854775807, discard_old_when_full=false, sync_journal=false
INF [20100405-17:34:47.205] kestrel: Configuring queue low_errors: journal=false, max_items=2147483647, max_size=9223372036854775807, max_age=0, max_journal_size=16777216, max_memory_size=36000000, max_journal_overflow=10, max_journal_size_absolute=9223372036854775807, discard_old_when_full=false, sync_journal=false
INF [20100405-17:34:47.309] ostrich: Starting Retry process for low errors
INF [20100405-17:34:47.309] scheduler: Starting JobScheduler: <ErrorHandlingJobQueue 'low'>
INF [20100405-17:34:47.309] scheduler: Starting JobEvaluatorThread: <ErrorHandlingJobQueue 'low'>
INF [20100405-17:34:47.311] ostrich: Starting Retry process for medium errors
INF [20100405-17:34:47.314] scheduler: Starting JobScheduler: <ErrorHandlingJobQueue 'medium'>
INF [20100405-17:34:47.315] scheduler: Starting JobEvaluatorThread: <ErrorHandlingJobQueue 'medium'>
INF [20100405-17:34:47.316] ostrich: Starting Retry process for high errors
INF [20100405-17:34:47.317] scheduler: Starting JobScheduler: <ErrorHandlingJobQueue 'high'>
INF [20100405-17:34:47.317] scheduler: Starting JobEvaluatorThread: <ErrorHandlingJobQueue 'high'>
INF [20100405-17:34:47.430] thrift: Reloading forwardings...
INF [20100405-17:34:47.443] thrift: Reloading forwardings...
INF [20100405-17:34:47.473] kestrel: Configuring queue high: journal=false, max_items=2147483647, max_size=9223372036854775807, max_age=0, max_journal_size=16777216, max_memory_size=36000000, max_journal_overflow=10, max_journal_size_absolute=9223372036854775807, discard_old_when_full=false, sync_journal=false
INF [20100405-17:34:47.474] kestrel: Configuring queue high_errors: journal=false, max_items=2147483647, max_size=9223372036854775807, max_age=0, max_journal_size=16777216, max_memory_size=36000000, max_journal_overflow=10, max_journal_size_absolute=9223372036854775807, discard_old_when_full=false, sync_journal=false
INF [20100405-17:34:47.475] kestrel: Configuring queue medium: journal=false, max_items=2147483647, max_size=9223372036854775807, max_age=0, max_journal_size=16777216, max_memory_size=36000000, max_journal_overflow=10, max_journal_size_absolute=9223372036854775807, discard_old_when_full=false, sync_journal=false
INF [20100405-17:34:47.476] kestrel: Configuring queue medium_errors: journal=false, max_items=2147483647, max_size=9223372036854775807, max_age=0, max_journal_size=16777216, max_memory_size=36000000, max_journal_overflow=10, max_journal_size_absolute=9223372036854775807, discard_old_when_full=false, sync_journal=false
INF [20100405-17:34:47.480] kestrel: Configuring queue low: journal=false, max_items=2147483647, max_size=9223372036854775807, max_age=0, max_journal_size=16777216, max_memory_size=36000000, max_journal_overflow=10, max_journal_size_absolute=9223372036854775807, discard_old_when_full=false, sync_journal=false
INF [20100405-17:34:47.481] kestrel: Configuring queue low_errors: journal=false, max_items=2147483647, max_size=9223372036854775807, max_age=0, max_journal_size=16777216, max_memory_size=36000000, max_journal_overflow=10, max_journal_size_absolute=9223372036854775807, discard_old_when_full=false, sync_journal=false
INF [20100405-17:34:47.611] ostrich: Starting Retry process for low errors
INF [20100405-17:34:47.611] scheduler: Starting JobScheduler: <ErrorHandlingJobQueue 'low'>
INF [20100405-17:34:47.612] scheduler: Starting JobEvaluatorThread: <ErrorHandlingJobQueue 'low'>
INF [20100405-17:34:47.613] ostrich: Starting Retry process for medium errors
INF [20100405-17:34:47.638] scheduler: Starting JobScheduler: <ErrorHandlingJobQueue 'medium'>
INF [20100405-17:34:47.639] scheduler: Starting JobEvaluatorThread: <ErrorHandlingJobQueue 'medium'>
INF [20100405-17:34:47.641] ostrich: Starting Retry process for high errors
INF [20100405-17:34:47.653] scheduler: Starting JobScheduler: <ErrorHandlingJobQueue 'high'>
INF [20100405-17:34:47.654] scheduler: Starting JobEvaluatorThread: <ErrorHandlingJobQueue 'high'>
INF [20100405-17:34:47.841] thrift: Reloading forwardings...
INF [20100405-17:34:47.856] jobs: Copying shard block (type Migrate) from 1 to 4: state=Map(cursor -> -1, write_only_shard_id -> 5, destination_shard_id -> 4, replicating_shard_id -> 6, source_shard_id -> 1, count -> 500, copy_class_name -> com.twitter.rowz.jobs.Copy)
INF [20100405-17:34:47.872] thrift: Reloading forwardings...
INF [20100405-17:34:47.943] jobs: Copying finished for (type Migrate) from 1 to 4
INF [20100405-17:35:00.861] kestrel: Configuring queue high: journal=false, max_items=2147483647, max_size=9223372036854775807, max_age=0, max_journal_size=16777216, max_memory_size=36000000, max_journal_overflow=10, max_journal_size_absolute=9223372036854775807, discard_old_when_full=false, sync_journal=false
INF [20100405-17:35:00.868] kestrel: Configuring queue high_errors: journal=false, max_items=2147483647, max_size=9223372036854775807, max_age=0, max_journal_size=16777216, max_memory_size=36000000, max_journal_overflow=10, max_journal_size_absolute=9223372036854775807, discard_old_when_full=false, sync_journal=false
INF [20100405-17:35:00.881] kestrel: Configuring queue medium: journal=false, max_items=2147483647, max_size=9223372036854775807, max_age=0, max_journal_size=16777216, max_memory_size=36000000, max_journal_overflow=10, max_journal_size_absolute=9223372036854775807, discard_old_when_full=false, sync_journal=false
INF [20100405-17:35:00.883] kestrel: Configuring queue medium_errors: journal=false, max_items=2147483647, max_size=9223372036854775807, max_age=0, max_journal_size=16777216, max_memory_size=36000000, max_journal_overflow=10, max_journal_size_absolute=9223372036854775807, discard_old_when_full=false, sync_journal=false
INF [20100405-17:35:00.884] kestrel: Configuring queue low: journal=false, max_items=2147483647, max_size=9223372036854775807, max_age=0, max_journal_size=16777216, max_memory_size=36000000, max_journal_overflow=10, max_journal_size_absolute=9223372036854775807, discard_old_when_full=false, sync_journal=false
INF [20100405-17:35:00.885] kestrel: Configuring queue low_errors: journal=false, max_items=2147483647, max_size=9223372036854775807, max_age=0, max_journal_size=16777216, max_memory_size=36000000, max_journal_overflow=10, max_journal_size_absolute=9223372036854775807, discard_old_when_full=false, sync_journal=false
INF [20100405-17:35:01.152] ostrich: Starting Retry process for low errors
INF [20100405-17:35:01.153] scheduler: Starting JobScheduler: <ErrorHandlingJobQueue 'low'>
INF [20100405-17:35:01.155] scheduler: Starting JobEvaluatorThread: <ErrorHandlingJobQueue 'low'>
INF [20100405-17:35:01.156] ostrich: Starting Retry process for medium errors
INF [20100405-17:35:01.157] scheduler: Starting JobScheduler: <ErrorHandlingJobQueue 'medium'>
INF [20100405-17:35:01.160] scheduler: Starting JobEvaluatorThread: <ErrorHandlingJobQueue 'medium'>
INF [20100405-17:35:01.162] ostrich: Starting Retry process for high errors
INF [20100405-17:35:01.162] scheduler: Starting JobScheduler: <ErrorHandlingJobQueue 'high'>
INF [20100405-17:35:01.162] scheduler: Starting JobEvaluatorThread: <ErrorHandlingJobQueue 'high'>
INF [20100405-17:37:19.685] kestrel: Configuring queue high: journal=false, max_items=2147483647, max_size=9223372036854775807, max_age=0, max_journal_size=16777216, max_memory_size=36000000, max_journal_overflow=10, max_journal_size_absolute=9223372036854775807, discard_old_when_full=false, sync_journal=false
INF [20100405-17:37:19.691] kestrel: Configuring queue high_errors: journal=false, max_items=2147483647, max_size=9223372036854775807, max_age=0, max_journal_size=16777216, max_memory_size=36000000, max_journal_overflow=10, max_journal_size_absolute=9223372036854775807, discard_old_when_full=false, sync_journal=false
INF [20100405-17:37:19.698] kestrel: Configuring queue medium: journal=false, max_items=2147483647, max_size=9223372036854775807, max_age=0, max_journal_size=16777216, max_memory_size=36000000, max_journal_overflow=10, max_journal_size_absolute=9223372036854775807, discard_old_when_full=false, sync_journal=false
INF [20100405-17:37:19.699] kestrel: Configuring queue medium_errors: journal=false, max_items=2147483647, max_size=9223372036854775807, max_age=0, max_journal_size=16777216, max_memory_size=36000000, max_journal_overflow=10, max_journal_size_absolute=9223372036854775807, discard_old_when_full=false, sync_journal=false
INF [20100405-17:37:19.700] kestrel: Configuring queue low: journal=false, max_items=2147483647, max_size=9223372036854775807, max_age=0, max_journal_size=16777216, max_memory_size=36000000, max_journal_overflow=10, max_journal_size_absolute=9223372036854775807, discard_old_when_full=false, sync_journal=false
INF [20100405-17:37:19.701] kestrel: Configuring queue low_errors: journal=false, max_items=2147483647, max_size=9223372036854775807, max_age=0, max_journal_size=16777216, max_memory_size=36000000, max_journal_overflow=10, max_journal_size_absolute=9223372036854775807, discard_old_when_full=false, sync_journal=false
INF [20100405-17:37:19.923] ostrich: Starting Retry process for low errors
INF [20100405-17:37:19.923] scheduler: Starting JobScheduler: <ErrorHandlingJobQueue 'low'>
INF [20100405-17:37:19.925] scheduler: Starting JobEvaluatorThread: <ErrorHandlingJobQueue 'low'>
INF [20100405-17:37:19.930] ostrich: Starting Retry process for medium errors
INF [20100405-17:37:19.948] scheduler: Starting JobScheduler: <ErrorHandlingJobQueue 'medium'>
INF [20100405-17:37:19.949] scheduler: Starting JobEvaluatorThread: <ErrorHandlingJobQueue 'medium'>
INF [20100405-17:37:19.951] ostrich: Starting Retry process for high errors
INF [20100405-17:37:19.952] scheduler: Starting JobScheduler: <ErrorHandlingJobQueue 'high'>
INF [20100405-17:37:19.952] scheduler: Starting JobEvaluatorThread: <ErrorHandlingJobQueue 'high'>
INF [20100405-17:37:20.411] kestrel: Configuring queue high: journal=false, max_items=2147483647, max_size=9223372036854775807, max_age=0, max_journal_size=16777216, max_memory_size=36000000, max_journal_overflow=10, max_journal_size_absolute=9223372036854775807, discard_old_when_full=false, sync_journal=false
INF [20100405-17:37:20.413] kestrel: Configuring queue high_errors: journal=false, max_items=2147483647, max_size=9223372036854775807, max_age=0, max_journal_size=16777216, max_memory_size=36000000, max_journal_overflow=10, max_journal_size_absolute=9223372036854775807, discard_old_when_full=false, sync_journal=false
INF [20100405-17:37:20.414] kestrel: Configuring queue medium: journal=false, max_items=2147483647, max_size=9223372036854775807, max_age=0, max_journal_size=16777216, max_memory_size=36000000, max_journal_overflow=10, max_journal_size_absolute=9223372036854775807, discard_old_when_full=false, sync_journal=false
INF [20100405-17:37:20.414] kestrel: Configuring queue medium_errors: journal=false, max_items=2147483647, max_size=9223372036854775807, max_age=0, max_journal_size=16777216, max_memory_size=36000000, max_journal_overflow=10, max_journal_size_absolute=9223372036854775807, discard_old_when_full=false, sync_journal=false
INF [20100405-17:37:20.415] kestrel: Configuring queue low: journal=false, max_items=2147483647, max_size=9223372036854775807, max_age=0, max_journal_size=16777216, max_memory_size=36000000, max_journal_overflow=10, max_journal_size_absolute=9223372036854775807, discard_old_when_full=false, sync_journal=false
INF [20100405-17:37:20.416] kestrel: Configuring queue low_errors: journal=false, max_items=2147483647, max_size=9223372036854775807, max_age=0, max_journal_size=16777216, max_memory_size=36000000, max_journal_overflow=10, max_journal_size_absolute=9223372036854775807, discard_old_when_full=false, sync_journal=false
INF [20100405-17:37:20.562] ostrich: Starting Retry process for low errors
INF [20100405-17:37:20.563] scheduler: Starting JobScheduler: <ErrorHandlingJobQueue 'low'>
INF [20100405-17:37:20.563] scheduler: Starting JobEvaluatorThread: <ErrorHandlingJobQueue 'low'>
INF [20100405-17:37:20.568] ostrich: Starting Retry process for medium errors
INF [20100405-17:37:20.568] scheduler: Starting JobScheduler: <ErrorHandlingJobQueue 'medium'>
INF [20100405-17:37:20.569] scheduler: Starting JobEvaluatorThread: <ErrorHandlingJobQueue 'medium'>
INF [20100405-17:37:20.570] ostrich: Starting Retry process for high errors
INF [20100405-17:37:20.570] scheduler: Starting JobScheduler: <ErrorHandlingJobQueue 'high'>
INF [20100405-17:37:20.571] scheduler: Starting JobEvaluatorThread: <ErrorHandlingJobQueue 'high'>
INF [20100405-17:37:20.706] thrift: Reloading forwardings...
INF [20100405-17:37:20.730] thrift: Reloading forwardings...
INF [20100405-17:37:20.754] kestrel: Configuring queue high: journal=false, max_items=2147483647, max_size=9223372036854775807, max_age=0, max_journal_size=16777216, max_memory_size=36000000, max_journal_overflow=10, max_journal_size_absolute=9223372036854775807, discard_old_when_full=false, sync_journal=false
INF [20100405-17:37:20.755] kestrel: Configuring queue high_errors: journal=false, max_items=2147483647, max_size=9223372036854775807, max_age=0, max_journal_size=16777216, max_memory_size=36000000, max_journal_overflow=10, max_journal_size_absolute=9223372036854775807, discard_old_when_full=false, sync_journal=false
INF [20100405-17:37:20.756] kestrel: Configuring queue medium: journal=false, max_items=2147483647, max_size=9223372036854775807, max_age=0, max_journal_size=16777216, max_memory_size=36000000, max_journal_overflow=10, max_journal_size_absolute=9223372036854775807, discard_old_when_full=false, sync_journal=false
INF [20100405-17:37:20.757] kestrel: Configuring queue medium_errors: journal=false, max_items=2147483647, max_size=9223372036854775807, max_age=0, max_journal_size=16777216, max_memory_size=36000000, max_journal_overflow=10, max_journal_size_absolute=9223372036854775807, discard_old_when_full=false, sync_journal=false
INF [20100405-17:37:20.758] kestrel: Configuring queue low: journal=false, max_items=2147483647, max_size=9223372036854775807, max_age=0, max_journal_size=16777216, max_memory_size=36000000, max_journal_overflow=10, max_journal_size_absolute=9223372036854775807, discard_old_when_full=false, sync_journal=false
INF [20100405-17:37:20.759] kestrel: Configuring queue low_errors: journal=false, max_items=2147483647, max_size=9223372036854775807, max_age=0, max_journal_size=16777216, max_memory_size=36000000, max_journal_overflow=10, max_journal_size_absolute=9223372036854775807, discard_old_when_full=false, sync_journal=false
INF [20100405-17:37:20.915] ostrich: Starting Retry process for low errors
INF [20100405-17:37:20.917] scheduler: Starting JobScheduler: <ErrorHandlingJobQueue 'low'>
INF [20100405-17:37:20.918] scheduler: Starting JobEvaluatorThread: <ErrorHandlingJobQueue 'low'>
INF [20100405-17:37:20.920] ostrich: Starting Retry process for medium errors
INF [20100405-17:37:20.921] scheduler: Starting JobScheduler: <ErrorHandlingJobQueue 'medium'>
INF [20100405-17:37:20.921] scheduler: Starting JobEvaluatorThread: <ErrorHandlingJobQueue 'medium'>
INF [20100405-17:37:20.923] ostrich: Starting Retry process for high errors
INF [20100405-17:37:20.923] scheduler: Starting JobScheduler: <ErrorHandlingJobQueue 'high'>
INF [20100405-17:37:20.924] scheduler: Starting JobEvaluatorThread: <ErrorHandlingJobQueue 'high'>
INF [20100405-17:37:21.064] thrift: Reloading forwardings...
INF [20100405-17:37:21.080] jobs: Copying shard block (type Migrate) from 1 to 4: state=Map(cursor -> -1, write_only_shard_id -> 5, destination_shard_id -> 4, replicating_shard_id -> 6, source_shard_id -> 1, count -> 500, copy_class_name -> com.twitter.rowz.jobs.Copy)
INF [20100405-17:37:21.099] thrift: Reloading forwardings...
INF [20100405-17:37:21.198] jobs: Copying finished for (type Migrate) from 1 to 4
INF [20100405-17:37:35.093] kestrel: Configuring queue high: journal=false, max_items=2147483647, max_size=9223372036854775807, max_age=0, max_journal_size=16777216, max_memory_size=36000000, max_journal_overflow=10, max_journal_size_absolute=9223372036854775807, discard_old_when_full=false, sync_journal=false
INF [20100405-17:37:35.099] kestrel: Configuring queue high_errors: journal=false, max_items=2147483647, max_size=9223372036854775807, max_age=0, max_journal_size=16777216, max_memory_size=36000000, max_journal_overflow=10, max_journal_size_absolute=9223372036854775807, discard_old_when_full=false, sync_journal=false
INF [20100405-17:37:35.108] kestrel: Configuring queue medium: journal=false, max_items=2147483647, max_size=9223372036854775807, max_age=0, max_journal_size=16777216, max_memory_size=36000000, max_journal_overflow=10, max_journal_size_absolute=9223372036854775807, discard_old_when_full=false, sync_journal=false
INF [20100405-17:37:35.109] kestrel: Configuring queue medium_errors: journal=false, max_items=2147483647, max_size=9223372036854775807, max_age=0, max_journal_size=16777216, max_memory_size=36000000, max_journal_overflow=10, max_journal_size_absolute=9223372036854775807, discard_old_when_full=false, sync_journal=false
INF [20100405-17:37:35.110] kestrel: Configuring queue low: journal=false, max_items=2147483647, max_size=9223372036854775807, max_age=0, max_journal_size=16777216, max_memory_size=36000000, max_journal_overflow=10, max_journal_size_absolute=9223372036854775807, discard_old_when_full=false, sync_journal=false
INF [20100405-17:37:35.111] kestrel: Configuring queue low_errors: journal=false, max_items=2147483647, max_size=9223372036854775807, max_age=0, max_journal_size=16777216, max_memory_size=36000000, max_journal_overflow=10, max_journal_size_absolute=9223372036854775807, discard_old_when_full=false, sync_journal=false
INF [20100405-17:37:35.393] ostrich: Starting Retry process for low errors
INF [20100405-17:37:35.394] scheduler: Starting JobScheduler: <ErrorHandlingJobQueue 'low'>
INF [20100405-17:37:35.396] scheduler: Starting JobEvaluatorThread: <ErrorHandlingJobQueue 'low'>
INF [20100405-17:37:35.397] ostrich: Starting Retry process for medium errors
INF [20100405-17:37:35.398] scheduler: Starting JobScheduler: <ErrorHandlingJobQueue 'medium'>
INF [20100405-17:37:35.401] scheduler: Starting JobEvaluatorThread: <ErrorHandlingJobQueue 'medium'>
INF [20100405-17:37:35.406] ostrich: Starting Retry process for high errors
INF [20100405-17:37:35.407] scheduler: Starting JobScheduler: <ErrorHandlingJobQueue 'high'>
INF [20100405-17:37:35.407] scheduler: Starting JobEvaluatorThread: <ErrorHandlingJobQueue 'high'>
INF [20100405-17:38:11.201] kestrel: Configuring queue high: journal=false, max_items=2147483647, max_size=9223372036854775807, max_age=0, max_journal_size=16777216, max_memory_size=36000000, max_journal_overflow=10, max_journal_size_absolute=9223372036854775807, discard_old_when_full=false, sync_journal=false
INF [20100405-17:38:11.207] kestrel: Configuring queue high_errors: journal=false, max_items=2147483647, max_size=9223372036854775807, max_age=0, max_journal_size=16777216, max_memory_size=36000000, max_journal_overflow=10, max_journal_size_absolute=9223372036854775807, discard_old_when_full=false, sync_journal=false
INF [20100405-17:38:11.218] kestrel: Configuring queue medium: journal=false, max_items=2147483647, max_size=9223372036854775807, max_age=0, max_journal_size=16777216, max_memory_size=36000000, max_journal_overflow=10, max_journal_size_absolute=9223372036854775807, discard_old_when_full=false, sync_journal=false
INF [20100405-17:38:11.219] kestrel: Configuring queue medium_errors: journal=false, max_items=2147483647, max_size=9223372036854775807, max_age=0, max_journal_size=16777216, max_memory_size=36000000, max_journal_overflow=10, max_journal_size_absolute=9223372036854775807, discard_old_when_full=false, sync_journal=false
INF [20100405-17:38:11.222] kestrel: Configuring queue low: journal=false, max_items=2147483647, max_size=9223372036854775807, max_age=0, max_journal_size=16777216, max_memory_size=36000000, max_journal_overflow=10, max_journal_size_absolute=9223372036854775807, discard_old_when_full=false, sync_journal=false
INF [20100405-17:38:11.223] kestrel: Configuring queue low_errors: journal=false, max_items=2147483647, max_size=9223372036854775807, max_age=0, max_journal_size=16777216, max_memory_size=36000000, max_journal_overflow=10, max_journal_size_absolute=9223372036854775807, discard_old_when_full=false, sync_journal=false
INF [20100405-17:38:11.417] ostrich: Starting Retry process for low errors
INF [20100405-17:38:11.418] scheduler: Starting JobScheduler: <ErrorHandlingJobQueue 'low'>
INF [20100405-17:38:11.420] scheduler: Starting JobEvaluatorThread: <ErrorHandlingJobQueue 'low'>
INF [20100405-17:38:11.423] ostrich: Starting Retry process for medium errors
INF [20100405-17:38:11.423] scheduler: Starting JobScheduler: <ErrorHandlingJobQueue 'medium'>
INF [20100405-17:38:11.424] scheduler: Starting JobEvaluatorThread: <ErrorHandlingJobQueue 'medium'>
INF [20100405-17:38:11.429] ostrich: Starting Retry process for high errors
INF [20100405-17:38:11.430] scheduler: Starting JobScheduler: <ErrorHandlingJobQueue 'high'>
INF [20100405-17:38:11.430] scheduler: Starting JobEvaluatorThread: <ErrorHandlingJobQueue 'high'>
INF [20100405-17:38:11.823] kestrel: Configuring queue high: journal=false, max_items=2147483647, max_size=9223372036854775807, max_age=0, max_journal_size=16777216, max_memory_size=36000000, max_journal_overflow=10, max_journal_size_absolute=9223372036854775807, discard_old_when_full=false, sync_journal=false
INF [20100405-17:38:11.824] kestrel: Configuring queue high_errors: journal=false, max_items=2147483647, max_size=9223372036854775807, max_age=0, max_journal_size=16777216, max_memory_size=36000000, max_journal_overflow=10, max_journal_size_absolute=9223372036854775807, discard_old_when_full=false, sync_journal=false
INF [20100405-17:38:11.825] kestrel: Configuring queue medium: journal=false, max_items=2147483647, max_size=9223372036854775807, max_age=0, max_journal_size=16777216, max_memory_size=36000000, max_journal_overflow=10, max_journal_size_absolute=9223372036854775807, discard_old_when_full=false, sync_journal=false
INF [20100405-17:38:11.826] kestrel: Configuring queue medium_errors: journal=false, max_items=2147483647, max_size=9223372036854775807, max_age=0, max_journal_size=16777216, max_memory_size=36000000, max_journal_overflow=10, max_journal_size_absolute=9223372036854775807, discard_old_when_full=false, sync_journal=false
INF [20100405-17:38:11.827] kestrel: Configuring queue low: journal=false, max_items=2147483647, max_size=9223372036854775807, max_age=0, max_journal_size=16777216, max_memory_size=36000000, max_journal_overflow=10, max_journal_size_absolute=9223372036854775807, discard_old_when_full=false, sync_journal=false
INF [20100405-17:38:11.828] kestrel: Configuring queue low_errors: journal=false, max_items=2147483647, max_size=9223372036854775807, max_age=0, max_journal_size=16777216, max_memory_size=36000000, max_journal_overflow=10, max_journal_size_absolute=9223372036854775807, discard_old_when_full=false, sync_journal=false
INF [20100405-17:38:11.933] ostrich: Starting Retry process for low errors
INF [20100405-17:38:11.935] scheduler: Starting JobScheduler: <ErrorHandlingJobQueue 'low'>
INF [20100405-17:38:11.936] scheduler: Starting JobEvaluatorThread: <ErrorHandlingJobQueue 'low'>
INF [20100405-17:38:11.939] ostrich: Starting Retry process for medium errors
INF [20100405-17:38:11.940] scheduler: Starting JobScheduler: <ErrorHandlingJobQueue 'medium'>
INF [20100405-17:38:11.940] scheduler: Starting JobEvaluatorThread: <ErrorHandlingJobQueue 'medium'>
INF [20100405-17:38:11.943] ostrich: Starting Retry process for high errors
INF [20100405-17:38:11.944] scheduler: Starting JobScheduler: <ErrorHandlingJobQueue 'high'>
INF [20100405-17:38:11.944] scheduler: Starting JobEvaluatorThread: <ErrorHandlingJobQueue 'high'>
INF [20100405-17:38:12.057] thrift: Reloading forwardings...
INF [20100405-17:38:12.070] thrift: Reloading forwardings...
INF [20100405-17:38:12.097] kestrel: Configuring queue high: journal=false, max_items=2147483647, max_size=9223372036854775807, max_age=0, max_journal_size=16777216, max_memory_size=36000000, max_journal_overflow=10, max_journal_size_absolute=9223372036854775807, discard_old_when_full=false, sync_journal=false
INF [20100405-17:38:12.098] kestrel: Configuring queue high_errors: journal=false, max_items=2147483647, max_size=9223372036854775807, max_age=0, max_journal_size=16777216, max_memory_size=36000000, max_journal_overflow=10, max_journal_size_absolute=9223372036854775807, discard_old_when_full=false, sync_journal=false
INF [20100405-17:38:12.102] kestrel: Configuring queue medium: journal=false, max_items=2147483647, max_size=9223372036854775807, max_age=0, max_journal_size=16777216, max_memory_size=36000000, max_journal_overflow=10, max_journal_size_absolute=9223372036854775807, discard_old_when_full=false, sync_journal=false
INF [20100405-17:38:12.103] kestrel: Configuring queue medium_errors: journal=false, max_items=2147483647, max_size=9223372036854775807, max_age=0, max_journal_size=16777216, max_memory_size=36000000, max_journal_overflow=10, max_journal_size_absolute=9223372036854775807, discard_old_when_full=false, sync_journal=false
INF [20100405-17:38:12.104] kestrel: Configuring queue low: journal=false, max_items=2147483647, max_size=9223372036854775807, max_age=0, max_journal_size=16777216, max_memory_size=36000000, max_journal_overflow=10, max_journal_size_absolute=9223372036854775807, discard_old_when_full=false, sync_journal=false
INF [20100405-17:38:12.105] kestrel: Configuring queue low_errors: journal=false, max_items=2147483647, max_size=9223372036854775807, max_age=0, max_journal_size=16777216, max_memory_size=36000000, max_journal_overflow=10, max_journal_size_absolute=9223372036854775807, discard_old_when_full=false, sync_journal=false
INF [20100405-17:38:12.329] ostrich: Starting Retry process for low errors
INF [20100405-17:38:12.329] scheduler: Starting JobScheduler: <ErrorHandlingJobQueue 'low'>
INF [20100405-17:38:12.330] scheduler: Starting JobEvaluatorThread: <ErrorHandlingJobQueue 'low'>
INF [20100405-17:38:12.331] ostrich: Starting Retry process for medium errors
INF [20100405-17:38:12.332] scheduler: Starting JobScheduler: <ErrorHandlingJobQueue 'medium'>
INF [20100405-17:38:12.332] scheduler: Starting JobEvaluatorThread: <ErrorHandlingJobQueue 'medium'>
INF [20100405-17:38:12.335] ostrich: Starting Retry process for high errors
INF [20100405-17:38:12.335] scheduler: Starting JobScheduler: <ErrorHandlingJobQueue 'high'>
INF [20100405-17:38:12.335] scheduler: Starting JobEvaluatorThread: <ErrorHandlingJobQueue 'high'>
INF [20100405-17:38:12.475] thrift: Reloading forwardings...
INF [20100405-17:38:12.493] thrift: Reloading forwardings...
INF [20100405-17:38:12.494] jobs: Copying shard block (type Migrate) from 1 to 4: state=Map(cursor -> -1, write_only_shard_id -> 5, destination_shard_id -> 4, replicating_shard_id -> 6, source_shard_id -> 1, count -> 500, copy_class_name -> com.twitter.rowz.jobs.Copy)
INF [20100405-17:38:12.577] jobs: Copying finished for (type Migrate) from 1 to 4
INF [20100405-17:38:29.770] kestrel: Configuring queue high: journal=false, max_items=2147483647, max_size=9223372036854775807, max_age=0, max_journal_size=16777216, max_memory_size=36000000, max_journal_overflow=10, max_journal_size_absolute=9223372036854775807, discard_old_when_full=false, sync_journal=false
INF [20100405-17:38:29.776] kestrel: Configuring queue high_errors: journal=false, max_items=2147483647, max_size=9223372036854775807, max_age=0, max_journal_size=16777216, max_memory_size=36000000, max_journal_overflow=10, max_journal_size_absolute=9223372036854775807, discard_old_when_full=false, sync_journal=false
INF [20100405-17:38:29.786] kestrel: Configuring queue medium: journal=false, max_items=2147483647, max_size=9223372036854775807, max_age=0, max_journal_size=16777216, max_memory_size=36000000, max_journal_overflow=10, max_journal_size_absolute=9223372036854775807, discard_old_when_full=false, sync_journal=false
INF [20100405-17:38:29.787] kestrel: Configuring queue medium_errors: journal=false, max_items=2147483647, max_size=9223372036854775807, max_age=0, max_journal_size=16777216, max_memory_size=36000000, max_journal_overflow=10, max_journal_size_absolute=9223372036854775807, discard_old_when_full=false, sync_journal=false
INF [20100405-17:38:29.788] kestrel: Configuring queue low: journal=false, max_items=2147483647, max_size=9223372036854775807, max_age=0, max_journal_size=16777216, max_memory_size=36000000, max_journal_overflow=10, max_journal_size_absolute=9223372036854775807, discard_old_when_full=false, sync_journal=false
INF [20100405-17:38:29.789] kestrel: Configuring queue low_errors: journal=false, max_items=2147483647, max_size=9223372036854775807, max_age=0, max_journal_size=16777216, max_memory_size=36000000, max_journal_overflow=10, max_journal_size_absolute=9223372036854775807, discard_old_when_full=false, sync_journal=false
INF [20100405-17:38:30.029] ostrich: Starting Retry process for low errors
INF [20100405-17:38:30.031] scheduler: Starting JobScheduler: <ErrorHandlingJobQueue 'low'>
INF [20100405-17:38:30.033] scheduler: Starting JobEvaluatorThread: <ErrorHandlingJobQueue 'low'>
INF [20100405-17:38:30.034] ostrich: Starting Retry process for medium errors
INF [20100405-17:38:30.035] scheduler: Starting JobScheduler: <ErrorHandlingJobQueue 'medium'>
INF [20100405-17:38:30.038] scheduler: Starting JobEvaluatorThread: <ErrorHandlingJobQueue 'medium'>
INF [20100405-17:38:30.040] ostrich: Starting Retry process for high errors
INF [20100405-17:38:30.040] scheduler: Starting JobScheduler: <ErrorHandlingJobQueue 'high'>
INF [20100405-17:38:30.041] scheduler: Starting JobEvaluatorThread: <ErrorHandlingJobQueue 'high'>
INF [20100405-17:39:53.572] kestrel: Configuring queue high: journal=false, max_items=2147483647, max_size=9223372036854775807, max_age=0, max_journal_size=16777216, max_memory_size=36000000, max_journal_overflow=10, max_journal_size_absolute=9223372036854775807, discard_old_when_full=false, sync_journal=false
INF [20100405-17:39:53.578] kestrel: Configuring queue high_errors: journal=false, max_items=2147483647, max_size=9223372036854775807, max_age=0, max_journal_size=16777216, max_memory_size=36000000, max_journal_overflow=10, max_journal_size_absolute=9223372036854775807, discard_old_when_full=false, sync_journal=false
INF [20100405-17:39:53.585] kestrel: Configuring queue medium: journal=false, max_items=2147483647, max_size=9223372036854775807, max_age=0, max_journal_size=16777216, max_memory_size=36000000, max_journal_overflow=10, max_journal_size_absolute=9223372036854775807, discard_old_when_full=false, sync_journal=false
INF [20100405-17:39:53.586] kestrel: Configuring queue medium_errors: journal=false, max_items=2147483647, max_size=9223372036854775807, max_age=0, max_journal_size=16777216, max_memory_size=36000000, max_journal_overflow=10, max_journal_size_absolute=9223372036854775807, discard_old_when_full=false, sync_journal=false
INF [20100405-17:39:53.587] kestrel: Configuring queue low: journal=false, max_items=2147483647, max_size=9223372036854775807, max_age=0, max_journal_size=16777216, max_memory_size=36000000, max_journal_overflow=10, max_journal_size_absolute=9223372036854775807, discard_old_when_full=false, sync_journal=false
INF [20100405-17:39:53.588] kestrel: Configuring queue low_errors: journal=false, max_items=2147483647, max_size=9223372036854775807, max_age=0, max_journal_size=16777216, max_memory_size=36000000, max_journal_overflow=10, max_journal_size_absolute=9223372036854775807, discard_old_when_full=false, sync_journal=false
INF [20100405-17:39:53.740] ostrich: Starting Retry process for low errors
INF [20100405-17:39:53.740] scheduler: Starting JobScheduler: <ErrorHandlingJobQueue 'low'>
INF [20100405-17:39:53.742] scheduler: Starting JobEvaluatorThread: <ErrorHandlingJobQueue 'low'>
INF [20100405-17:39:53.756] ostrich: Starting Retry process for medium errors
INF [20100405-17:39:53.769] scheduler: Starting JobScheduler: <ErrorHandlingJobQueue 'medium'>
INF [20100405-17:39:53.770] scheduler: Starting JobEvaluatorThread: <ErrorHandlingJobQueue 'medium'>
INF [20100405-17:39:53.772] ostrich: Starting Retry process for high errors
INF [20100405-17:39:53.772] scheduler: Starting JobScheduler: <ErrorHandlingJobQueue 'high'>
INF [20100405-17:39:53.773] scheduler: Starting JobEvaluatorThread: <ErrorHandlingJobQueue 'high'>
INF [20100405-17:39:54.172] kestrel: Configuring queue high: journal=false, max_items=2147483647, max_size=9223372036854775807, max_age=0, max_journal_size=16777216, max_memory_size=36000000, max_journal_overflow=10, max_journal_size_absolute=9223372036854775807, discard_old_when_full=false, sync_journal=false
INF [20100405-17:39:54.173] kestrel: Configuring queue high_errors: journal=false, max_items=2147483647, max_size=9223372036854775807, max_age=0, max_journal_size=16777216, max_memory_size=36000000, max_journal_overflow=10, max_journal_size_absolute=9223372036854775807, discard_old_when_full=false, sync_journal=false
INF [20100405-17:39:54.174] kestrel: Configuring queue medium: journal=false, max_items=2147483647, max_size=9223372036854775807, max_age=0, max_journal_size=16777216, max_memory_size=36000000, max_journal_overflow=10, max_journal_size_absolute=9223372036854775807, discard_old_when_full=false, sync_journal=false
INF [20100405-17:39:54.174] kestrel: Configuring queue medium_errors: journal=false, max_items=2147483647, max_size=9223372036854775807, max_age=0, max_journal_size=16777216, max_memory_size=36000000, max_journal_overflow=10, max_journal_size_absolute=9223372036854775807, discard_old_when_full=false, sync_journal=false
INF [20100405-17:39:54.175] kestrel: Configuring queue low: journal=false, max_items=2147483647, max_size=9223372036854775807, max_age=0, max_journal_size=16777216, max_memory_size=36000000, max_journal_overflow=10, max_journal_size_absolute=9223372036854775807, discard_old_when_full=false, sync_journal=false
INF [20100405-17:39:54.176] kestrel: Configuring queue low_errors: journal=false, max_items=2147483647, max_size=9223372036854775807, max_age=0, max_journal_size=16777216, max_memory_size=36000000, max_journal_overflow=10, max_journal_size_absolute=9223372036854775807, discard_old_when_full=false, sync_journal=false
INF [20100405-17:39:54.270] ostrich: Starting Retry process for low errors
INF [20100405-17:39:54.271] scheduler: Starting JobScheduler: <ErrorHandlingJobQueue 'low'>
INF [20100405-17:39:54.271] scheduler: Starting JobEvaluatorThread: <ErrorHandlingJobQueue 'low'>
INF [20100405-17:39:54.273] ostrich: Starting Retry process for medium errors
INF [20100405-17:39:54.273] scheduler: Starting JobScheduler: <ErrorHandlingJobQueue 'medium'>
INF [20100405-17:39:54.273] scheduler: Starting JobEvaluatorThread: <ErrorHandlingJobQueue 'medium'>
INF [20100405-17:39:54.275] ostrich: Starting Retry process for high errors
INF [20100405-17:39:54.275] scheduler: Starting JobScheduler: <ErrorHandlingJobQueue 'high'>
INF [20100405-17:39:54.275] scheduler: Starting JobEvaluatorThread: <ErrorHandlingJobQueue 'high'>
INF [20100405-17:39:54.386] thrift: Reloading forwardings...
INF [20100405-17:39:54.398] thrift: Reloading forwardings...
INF [20100405-17:39:54.422] kestrel: Configuring queue high: journal=false, max_items=2147483647, max_size=9223372036854775807, max_age=0, max_journal_size=16777216, max_memory_size=36000000, max_journal_overflow=10, max_journal_size_absolute=9223372036854775807, discard_old_when_full=false, sync_journal=false
INF [20100405-17:39:54.423] kestrel: Configuring queue high_errors: journal=false, max_items=2147483647, max_size=9223372036854775807, max_age=0, max_journal_size=16777216, max_memory_size=36000000, max_journal_overflow=10, max_journal_size_absolute=9223372036854775807, discard_old_when_full=false, sync_journal=false
INF [20100405-17:39:54.426] kestrel: Configuring queue medium: journal=false, max_items=2147483647, max_size=9223372036854775807, max_age=0, max_journal_size=16777216, max_memory_size=36000000, max_journal_overflow=10, max_journal_size_absolute=9223372036854775807, discard_old_when_full=false, sync_journal=false
INF [20100405-17:39:54.427] kestrel: Configuring queue medium_errors: journal=false, max_items=2147483647, max_size=9223372036854775807, max_age=0, max_journal_size=16777216, max_memory_size=36000000, max_journal_overflow=10, max_journal_size_absolute=9223372036854775807, discard_old_when_full=false, sync_journal=false
INF [20100405-17:39:54.428] kestrel: Configuring queue low: journal=false, max_items=2147483647, max_size=9223372036854775807, max_age=0, max_journal_size=16777216, max_memory_size=36000000, max_journal_overflow=10, max_journal_size_absolute=9223372036854775807, discard_old_when_full=false, sync_journal=false
INF [20100405-17:39:54.429] kestrel: Configuring queue low_errors: journal=false, max_items=2147483647, max_size=9223372036854775807, max_age=0, max_journal_size=16777216, max_memory_size=36000000, max_journal_overflow=10, max_journal_size_absolute=9223372036854775807, discard_old_when_full=false, sync_journal=false
INF [20100405-17:39:54.662] ostrich: Starting Retry process for low errors
INF [20100405-17:39:54.662] scheduler: Starting JobScheduler: <ErrorHandlingJobQueue 'low'>
INF [20100405-17:39:54.663] scheduler: Starting JobEvaluatorThread: <ErrorHandlingJobQueue 'low'>
INF [20100405-17:39:54.664] ostrich: Starting Retry process for medium errors
INF [20100405-17:39:54.664] scheduler: Starting JobScheduler: <ErrorHandlingJobQueue 'medium'>
INF [20100405-17:39:54.665] scheduler: Starting JobEvaluatorThread: <ErrorHandlingJobQueue 'medium'>
INF [20100405-17:39:54.666] ostrich: Starting Retry process for high errors
INF [20100405-17:39:54.667] scheduler: Starting JobScheduler: <ErrorHandlingJobQueue 'high'>
INF [20100405-17:39:54.667] scheduler: Starting JobEvaluatorThread: <ErrorHandlingJobQueue 'high'>
INF [20100405-17:39:54.808] thrift: Reloading forwardings...
INF [20100405-17:39:54.824] jobs: Copying shard block (type Migrate) from 1 to 4: state=Map(cursor -> -1, write_only_shard_id -> 5, destination_shard_id -> 4, replicating_shard_id -> 6, source_shard_id -> 1, count -> 500, copy_class_name -> com.twitter.rowz.jobs.Copy)
INF [20100405-17:39:54.843] thrift: Reloading forwardings...
INF [20100405-17:39:54.943] jobs: Copying finished for (type Migrate) from 1 to 4
INF [20100405-17:39:58.433] kestrel: Configuring queue high: journal=false, max_items=2147483647, max_size=9223372036854775807, max_age=0, max_journal_size=16777216, max_memory_size=36000000, max_journal_overflow=10, max_journal_size_absolute=9223372036854775807, discard_old_when_full=false, sync_journal=false
INF [20100405-17:39:58.440] kestrel: Configuring queue high_errors: journal=false, max_items=2147483647, max_size=9223372036854775807, max_age=0, max_journal_size=16777216, max_memory_size=36000000, max_journal_overflow=10, max_journal_size_absolute=9223372036854775807, discard_old_when_full=false, sync_journal=false
INF [20100405-17:39:58.452] kestrel: Configuring queue medium: journal=false, max_items=2147483647, max_size=9223372036854775807, max_age=0, max_journal_size=16777216, max_memory_size=36000000, max_journal_overflow=10, max_journal_size_absolute=9223372036854775807, discard_old_when_full=false, sync_journal=false
INF [20100405-17:39:58.453] kestrel: Configuring queue medium_errors: journal=false, max_items=2147483647, max_size=9223372036854775807, max_age=0, max_journal_size=16777216, max_memory_size=36000000, max_journal_overflow=10, max_journal_size_absolute=9223372036854775807, discard_old_when_full=false, sync_journal=false
INF [20100405-17:39:58.454] kestrel: Configuring queue low: journal=false, max_items=2147483647, max_size=9223372036854775807, max_age=0, max_journal_size=16777216, max_memory_size=36000000, max_journal_overflow=10, max_journal_size_absolute=9223372036854775807, discard_old_when_full=false, sync_journal=false
INF [20100405-17:39:58.456] kestrel: Configuring queue low_errors: journal=false, max_items=2147483647, max_size=9223372036854775807, max_age=0, max_journal_size=16777216, max_memory_size=36000000, max_journal_overflow=10, max_journal_size_absolute=9223372036854775807, discard_old_when_full=false, sync_journal=false
INF [20100405-17:39:58.789] ostrich: Starting Retry process for low errors
INF [20100405-17:39:58.790] scheduler: Starting JobScheduler: <ErrorHandlingJobQueue 'low'>
INF [20100405-17:39:58.792] scheduler: Starting JobEvaluatorThread: <ErrorHandlingJobQueue 'low'>
INF [20100405-17:39:58.796] ostrich: Starting Retry process for medium errors
INF [20100405-17:39:58.802] scheduler: Starting JobScheduler: <ErrorHandlingJobQueue 'medium'>
INF [20100405-17:39:58.809] scheduler: Starting JobEvaluatorThread: <ErrorHandlingJobQueue 'medium'>
INF [20100405-17:39:58.817] ostrich: Starting Retry process for high errors
INF [20100405-17:39:58.818] scheduler: Starting JobScheduler: <ErrorHandlingJobQueue 'high'>
INF [20100405-17:39:58.818] scheduler: Starting JobEvaluatorThread: <ErrorHandlingJobQueue 'high'>
INF [20100405-17:40:06.394] kestrel: Configuring queue high: journal=false, max_items=2147483647, max_size=9223372036854775807, max_age=0, max_journal_size=16777216, max_memory_size=36000000, max_journal_overflow=10, max_journal_size_absolute=9223372036854775807, discard_old_when_full=false, sync_journal=false
INF [20100405-17:40:06.401] kestrel: Configuring queue high_errors: journal=false, max_items=2147483647, max_size=9223372036854775807, max_age=0, max_journal_size=16777216, max_memory_size=36000000, max_journal_overflow=10, max_journal_size_absolute=9223372036854775807, discard_old_when_full=false, sync_journal=false
INF [20100405-17:40:06.410] kestrel: Configuring queue medium: journal=false, max_items=2147483647, max_size=9223372036854775807, max_age=0, max_journal_size=16777216, max_memory_size=36000000, max_journal_overflow=10, max_journal_size_absolute=9223372036854775807, discard_old_when_full=false, sync_journal=false
INF [20100405-17:40:06.411] kestrel: Configuring queue medium_errors: journal=false, max_items=2147483647, max_size=9223372036854775807, max_age=0, max_journal_size=16777216, max_memory_size=36000000, max_journal_overflow=10, max_journal_size_absolute=9223372036854775807, discard_old_when_full=false, sync_journal=false
INF [20100405-17:40:06.412] kestrel: Configuring queue low: journal=false, max_items=2147483647, max_size=9223372036854775807, max_age=0, max_journal_size=16777216, max_memory_size=36000000, max_journal_overflow=10, max_journal_size_absolute=9223372036854775807, discard_old_when_full=false, sync_journal=false
INF [20100405-17:40:06.413] kestrel: Configuring queue low_errors: journal=false, max_items=2147483647, max_size=9223372036854775807, max_age=0, max_journal_size=16777216, max_memory_size=36000000, max_journal_overflow=10, max_journal_size_absolute=9223372036854775807, discard_old_when_full=false, sync_journal=false
INF [20100405-17:40:06.656] ostrich: Starting Retry process for low errors
INF [20100405-17:40:06.657] scheduler: Starting JobScheduler: <ErrorHandlingJobQueue 'low'>
INF [20100405-17:40:06.659] scheduler: Starting JobEvaluatorThread: <ErrorHandlingJobQueue 'low'>
INF [20100405-17:40:06.660] ostrich: Starting Retry process for medium errors
INF [20100405-17:40:06.661] scheduler: Starting JobScheduler: <ErrorHandlingJobQueue 'medium'>
INF [20100405-17:40:06.664] scheduler: Starting JobEvaluatorThread: <ErrorHandlingJobQueue 'medium'>
INF [20100405-17:40:06.666] ostrich: Starting Retry process for high errors
INF [20100405-17:40:06.666] scheduler: Starting JobScheduler: <ErrorHandlingJobQueue 'high'>
INF [20100405-17:40:06.666] scheduler: Starting JobEvaluatorThread: <ErrorHandlingJobQueue 'high'>
INF [20100405-17:41:52.549] kestrel: Configuring queue high: journal=false, max_items=2147483647, max_size=9223372036854775807, max_age=0, max_journal_size=16777216, max_memory_size=36000000, max_journal_overflow=10, max_journal_size_absolute=9223372036854775807, discard_old_when_full=false, sync_journal=false
INF [20100405-17:41:52.555] kestrel: Configuring queue high_errors: journal=false, max_items=2147483647, max_size=9223372036854775807, max_age=0, max_journal_size=16777216, max_memory_size=36000000, max_journal_overflow=10, max_journal_size_absolute=9223372036854775807, discard_old_when_full=false, sync_journal=false
INF [20100405-17:41:52.561] kestrel: Configuring queue medium: journal=false, max_items=2147483647, max_size=9223372036854775807, max_age=0, max_journal_size=16777216, max_memory_size=36000000, max_journal_overflow=10, max_journal_size_absolute=9223372036854775807, discard_old_when_full=false, sync_journal=false
INF [20100405-17:41:52.562] kestrel: Configuring queue medium_errors: journal=false, max_items=2147483647, max_size=9223372036854775807, max_age=0, max_journal_size=16777216, max_memory_size=36000000, max_journal_overflow=10, max_journal_size_absolute=9223372036854775807, discard_old_when_full=false, sync_journal=false
INF [20100405-17:41:52.563] kestrel: Configuring queue low: journal=false, max_items=2147483647, max_size=9223372036854775807, max_age=0, max_journal_size=16777216, max_memory_size=36000000, max_journal_overflow=10, max_journal_size_absolute=9223372036854775807, discard_old_when_full=false, sync_journal=false
INF [20100405-17:41:52.564] kestrel: Configuring queue low_errors: journal=false, max_items=2147483647, max_size=9223372036854775807, max_age=0, max_journal_size=16777216, max_memory_size=36000000, max_journal_overflow=10, max_journal_size_absolute=9223372036854775807, discard_old_when_full=false, sync_journal=false
INF [20100405-17:41:52.698] ostrich: Starting Retry process for low errors
INF [20100405-17:41:52.700] scheduler: Starting JobScheduler: <ErrorHandlingJobQueue 'low'>
INF [20100405-17:41:52.702] scheduler: Starting JobEvaluatorThread: <ErrorHandlingJobQueue 'low'>
INF [20100405-17:41:52.704] ostrich: Starting Retry process for medium errors
INF [20100405-17:41:52.706] scheduler: Starting JobScheduler: <ErrorHandlingJobQueue 'medium'>
INF [20100405-17:41:52.707] scheduler: Starting JobEvaluatorThread: <ErrorHandlingJobQueue 'medium'>
INF [20100405-17:41:52.711] ostrich: Starting Retry process for high errors
INF [20100405-17:41:52.712] scheduler: Starting JobScheduler: <ErrorHandlingJobQueue 'high'>
INF [20100405-17:41:52.712] scheduler: Starting JobEvaluatorThread: <ErrorHandlingJobQueue 'high'>
INF [20100405-17:41:53.110] kestrel: Configuring queue high: journal=false, max_items=2147483647, max_size=9223372036854775807, max_age=0, max_journal_size=16777216, max_memory_size=36000000, max_journal_overflow=10, max_journal_size_absolute=9223372036854775807, discard_old_when_full=false, sync_journal=false
INF [20100405-17:41:53.111] kestrel: Configuring queue high_errors: journal=false, max_items=2147483647, max_size=9223372036854775807, max_age=0, max_journal_size=16777216, max_memory_size=36000000, max_journal_overflow=10, max_journal_size_absolute=9223372036854775807, discard_old_when_full=false, sync_journal=false
INF [20100405-17:41:53.112] kestrel: Configuring queue medium: journal=false, max_items=2147483647, max_size=9223372036854775807, max_age=0, max_journal_size=16777216, max_memory_size=36000000, max_journal_overflow=10, max_journal_size_absolute=9223372036854775807, discard_old_when_full=false, sync_journal=false
INF [20100405-17:41:53.112] kestrel: Configuring queue medium_errors: journal=false, max_items=2147483647, max_size=9223372036854775807, max_age=0, max_journal_size=16777216, max_memory_size=36000000, max_journal_overflow=10, max_journal_size_absolute=9223372036854775807, discard_old_when_full=false, sync_journal=false
INF [20100405-17:41:53.113] kestrel: Configuring queue low: journal=false, max_items=2147483647, max_size=9223372036854775807, max_age=0, max_journal_size=16777216, max_memory_size=36000000, max_journal_overflow=10, max_journal_size_absolute=9223372036854775807, discard_old_when_full=false, sync_journal=false
INF [20100405-17:41:53.114] kestrel: Configuring queue low_errors: journal=false, max_items=2147483647, max_size=9223372036854775807, max_age=0, max_journal_size=16777216, max_memory_size=36000000, max_journal_overflow=10, max_journal_size_absolute=9223372036854775807, discard_old_when_full=false, sync_journal=false
INF [20100405-17:41:53.216] ostrich: Starting Retry process for low errors
INF [20100405-17:41:53.217] scheduler: Starting JobScheduler: <ErrorHandlingJobQueue 'low'>
INF [20100405-17:41:53.217] scheduler: Starting JobEvaluatorThread: <ErrorHandlingJobQueue 'low'>
INF [20100405-17:41:53.218] ostrich: Starting Retry process for medium errors
INF [20100405-17:41:53.219] scheduler: Starting JobScheduler: <ErrorHandlingJobQueue 'medium'>
INF [20100405-17:41:53.219] scheduler: Starting JobEvaluatorThread: <ErrorHandlingJobQueue 'medium'>
INF [20100405-17:41:53.221] ostrich: Starting Retry process for high errors
INF [20100405-17:41:53.221] scheduler: Starting JobScheduler: <ErrorHandlingJobQueue 'high'>
INF [20100405-17:41:53.221] scheduler: Starting JobEvaluatorThread: <ErrorHandlingJobQueue 'high'>
INF [20100405-17:41:53.341] thrift: Reloading forwardings...
INF [20100405-17:41:53.354] thrift: Reloading forwardings...
INF [20100405-17:41:53.382] kestrel: Configuring queue high: journal=false, max_items=2147483647, max_size=9223372036854775807, max_age=0, max_journal_size=16777216, max_memory_size=36000000, max_journal_overflow=10, max_journal_size_absolute=9223372036854775807, discard_old_when_full=false, sync_journal=false
INF [20100405-17:41:53.383] kestrel: Configuring queue high_errors: journal=false, max_items=2147483647, max_size=9223372036854775807, max_age=0, max_journal_size=16777216, max_memory_size=36000000, max_journal_overflow=10, max_journal_size_absolute=9223372036854775807, discard_old_when_full=false, sync_journal=false
INF [20100405-17:41:53.384] kestrel: Configuring queue medium: journal=false, max_items=2147483647, max_size=9223372036854775807, max_age=0, max_journal_size=16777216, max_memory_size=36000000, max_journal_overflow=10, max_journal_size_absolute=9223372036854775807, discard_old_when_full=false, sync_journal=false
INF [20100405-17:41:53.385] kestrel: Configuring queue medium_errors: journal=false, max_items=2147483647, max_size=9223372036854775807, max_age=0, max_journal_size=16777216, max_memory_size=36000000, max_journal_overflow=10, max_journal_size_absolute=9223372036854775807, discard_old_when_full=false, sync_journal=false
INF [20100405-17:41:53.386] kestrel: Configuring queue low: journal=false, max_items=2147483647, max_size=9223372036854775807, max_age=0, max_journal_size=16777216, max_memory_size=36000000, max_journal_overflow=10, max_journal_size_absolute=9223372036854775807, discard_old_when_full=false, sync_journal=false
INF [20100405-17:41:53.387] kestrel: Configuring queue low_errors: journal=false, max_items=2147483647, max_size=9223372036854775807, max_age=0, max_journal_size=16777216, max_memory_size=36000000, max_journal_overflow=10, max_journal_size_absolute=9223372036854775807, discard_old_when_full=false, sync_journal=false
INF [20100405-17:41:53.486] ostrich: Starting Retry process for low errors
INF [20100405-17:41:53.488] scheduler: Starting JobScheduler: <ErrorHandlingJobQueue 'low'>
INF [20100405-17:41:53.490] scheduler: Starting JobEvaluatorThread: <ErrorHandlingJobQueue 'low'>
INF [20100405-17:41:53.492] ostrich: Starting Retry process for medium errors
INF [20100405-17:41:53.493] scheduler: Starting JobScheduler: <ErrorHandlingJobQueue 'medium'>
INF [20100405-17:41:53.493] scheduler: Starting JobEvaluatorThread: <ErrorHandlingJobQueue 'medium'>
INF [20100405-17:41:53.495] ostrich: Starting Retry process for high errors
INF [20100405-17:41:53.497] scheduler: Starting JobScheduler: <ErrorHandlingJobQueue 'high'>
INF [20100405-17:41:53.497] scheduler: Starting JobEvaluatorThread: <ErrorHandlingJobQueue 'high'>
INF [20100405-17:41:53.637] thrift: Reloading forwardings...
INF [20100405-17:41:53.660] jobs: Copying shard block (type Migrate) from 1 to 4: state=Map(cursor -> -1, write_only_shard_id -> 5, destination_shard_id -> 4, replicating_shard_id -> 6, source_shard_id -> 1, count -> 500, copy_class_name -> com.twitter.rowz.jobs.Copy)
INF [20100405-17:41:53.671] thrift: Reloading forwardings...
INF [20100405-17:41:53.790] jobs: Copying finished for (type Migrate) from 1 to 4
INF [20100405-17:42:20.730] kestrel: Configuring queue high: journal=false, max_items=2147483647, max_size=9223372036854775807, max_age=0, max_journal_size=16777216, max_memory_size=36000000, max_journal_overflow=10, max_journal_size_absolute=9223372036854775807, discard_old_when_full=false, sync_journal=false
INF [20100405-17:42:20.736] kestrel: Configuring queue high_errors: journal=false, max_items=2147483647, max_size=9223372036854775807, max_age=0, max_journal_size=16777216, max_memory_size=36000000, max_journal_overflow=10, max_journal_size_absolute=9223372036854775807, discard_old_when_full=false, sync_journal=false
INF [20100405-17:42:20.746] kestrel: Configuring queue medium: journal=false, max_items=2147483647, max_size=9223372036854775807, max_age=0, max_journal_size=16777216, max_memory_size=36000000, max_journal_overflow=10, max_journal_size_absolute=9223372036854775807, discard_old_when_full=false, sync_journal=false
INF [20100405-17:42:20.747] kestrel: Configuring queue medium_errors: journal=false, max_items=2147483647, max_size=9223372036854775807, max_age=0, max_journal_size=16777216, max_memory_size=36000000, max_journal_overflow=10, max_journal_size_absolute=9223372036854775807, discard_old_when_full=false, sync_journal=false
INF [20100405-17:42:20.748] kestrel: Configuring queue low: journal=false, max_items=2147483647, max_size=9223372036854775807, max_age=0, max_journal_size=16777216, max_memory_size=36000000, max_journal_overflow=10, max_journal_size_absolute=9223372036854775807, discard_old_when_full=false, sync_journal=false
INF [20100405-17:42:20.749] kestrel: Configuring queue low_errors: journal=false, max_items=2147483647, max_size=9223372036854775807, max_age=0, max_journal_size=16777216, max_memory_size=36000000, max_journal_overflow=10, max_journal_size_absolute=9223372036854775807, discard_old_when_full=false, sync_journal=false
INF [20100405-17:42:21.024] ostrich: Starting Retry process for low errors
INF [20100405-17:42:21.025] scheduler: Starting JobScheduler: <ErrorHandlingJobQueue 'low'>
INF [20100405-17:42:21.027] scheduler: Starting JobEvaluatorThread: <ErrorHandlingJobQueue 'low'>
INF [20100405-17:42:21.029] ostrich: Starting Retry process for medium errors
INF [20100405-17:42:21.032] scheduler: Starting JobScheduler: <ErrorHandlingJobQueue 'medium'>
INF [20100405-17:42:21.035] scheduler: Starting JobEvaluatorThread: <ErrorHandlingJobQueue 'medium'>
INF [20100405-17:42:21.037] ostrich: Starting Retry process for high errors
INF [20100405-17:42:21.037] scheduler: Starting JobScheduler: <ErrorHandlingJobQueue 'high'>
INF [20100405-17:42:21.038] scheduler: Starting JobEvaluatorThread: <ErrorHandlingJobQueue 'high'>
INF [20100405-17:43:01.845] kestrel: Configuring queue high: journal=false, max_items=2147483647, max_size=9223372036854775807, max_age=0, max_journal_size=16777216, max_memory_size=36000000, max_journal_overflow=10, max_journal_size_absolute=9223372036854775807, discard_old_when_full=false, sync_journal=false
INF [20100405-17:43:01.851] kestrel: Configuring queue high_errors: journal=false, max_items=2147483647, max_size=9223372036854775807, max_age=0, max_journal_size=16777216, max_memory_size=36000000, max_journal_overflow=10, max_journal_size_absolute=9223372036854775807, discard_old_when_full=false, sync_journal=false
INF [20100405-17:43:01.857] kestrel: Configuring queue medium: journal=false, max_items=2147483647, max_size=9223372036854775807, max_age=0, max_journal_size=16777216, max_memory_size=36000000, max_journal_overflow=10, max_journal_size_absolute=9223372036854775807, discard_old_when_full=false, sync_journal=false
INF [20100405-17:43:01.858] kestrel: Configuring queue medium_errors: journal=false, max_items=2147483647, max_size=9223372036854775807, max_age=0, max_journal_size=16777216, max_memory_size=36000000, max_journal_overflow=10, max_journal_size_absolute=9223372036854775807, discard_old_when_full=false, sync_journal=false
INF [20100405-17:43:01.859] kestrel: Configuring queue low: journal=false, max_items=2147483647, max_size=9223372036854775807, max_age=0, max_journal_size=16777216, max_memory_size=36000000, max_journal_overflow=10, max_journal_size_absolute=9223372036854775807, discard_old_when_full=false, sync_journal=false
INF [20100405-17:43:01.860] kestrel: Configuring queue low_errors: journal=false, max_items=2147483647, max_size=9223372036854775807, max_age=0, max_journal_size=16777216, max_memory_size=36000000, max_journal_overflow=10, max_journal_size_absolute=9223372036854775807, discard_old_when_full=false, sync_journal=false
INF [20100405-17:43:02.031] ostrich: Starting Retry process for low errors
INF [20100405-17:43:02.035] scheduler: Starting JobScheduler: <ErrorHandlingJobQueue 'low'>
INF [20100405-17:43:02.037] scheduler: Starting JobEvaluatorThread: <ErrorHandlingJobQueue 'low'>
INF [20100405-17:43:02.038] ostrich: Starting Retry process for medium errors
INF [20100405-17:43:02.039] scheduler: Starting JobScheduler: <ErrorHandlingJobQueue 'medium'>
INF [20100405-17:43:02.040] scheduler: Starting JobEvaluatorThread: <ErrorHandlingJobQueue 'medium'>
INF [20100405-17:43:02.041] ostrich: Starting Retry process for high errors
INF [20100405-17:43:02.041] scheduler: Starting JobScheduler: <ErrorHandlingJobQueue 'high'>
INF [20100405-17:43:02.042] scheduler: Starting JobEvaluatorThread: <ErrorHandlingJobQueue 'high'>
INF [20100405-17:43:02.467] kestrel: Configuring queue high: journal=false, max_items=2147483647, max_size=9223372036854775807, max_age=0, max_journal_size=16777216, max_memory_size=36000000, max_journal_overflow=10, max_journal_size_absolute=9223372036854775807, discard_old_when_full=false, sync_journal=false
INF [20100405-17:43:02.468] kestrel: Configuring queue high_errors: journal=false, max_items=2147483647, max_size=9223372036854775807, max_age=0, max_journal_size=16777216, max_memory_size=36000000, max_journal_overflow=10, max_journal_size_absolute=9223372036854775807, discard_old_when_full=false, sync_journal=false
INF [20100405-17:43:02.469] kestrel: Configuring queue medium: journal=false, max_items=2147483647, max_size=9223372036854775807, max_age=0, max_journal_size=16777216, max_memory_size=36000000, max_journal_overflow=10, max_journal_size_absolute=9223372036854775807, discard_old_when_full=false, sync_journal=false
INF [20100405-17:43:02.470] kestrel: Configuring queue medium_errors: journal=false, max_items=2147483647, max_size=9223372036854775807, max_age=0, max_journal_size=16777216, max_memory_size=36000000, max_journal_overflow=10, max_journal_size_absolute=9223372036854775807, discard_old_when_full=false, sync_journal=false
INF [20100405-17:43:02.471] kestrel: Configuring queue low: journal=false, max_items=2147483647, max_size=9223372036854775807, max_age=0, max_journal_size=16777216, max_memory_size=36000000, max_journal_overflow=10, max_journal_size_absolute=9223372036854775807, discard_old_when_full=false, sync_journal=false
INF [20100405-17:43:02.472] kestrel: Configuring queue low_errors: journal=false, max_items=2147483647, max_size=9223372036854775807, max_age=0, max_journal_size=16777216, max_memory_size=36000000, max_journal_overflow=10, max_journal_size_absolute=9223372036854775807, discard_old_when_full=false, sync_journal=false
INF [20100405-17:43:02.623] ostrich: Starting Retry process for low errors
INF [20100405-17:43:02.624] scheduler: Starting JobScheduler: <ErrorHandlingJobQueue 'low'>
INF [20100405-17:43:02.624] scheduler: Starting JobEvaluatorThread: <ErrorHandlingJobQueue 'low'>
INF [20100405-17:43:02.626] ostrich: Starting Retry process for medium errors
INF [20100405-17:43:02.627] scheduler: Starting JobScheduler: <ErrorHandlingJobQueue 'medium'>
INF [20100405-17:43:02.627] scheduler: Starting JobEvaluatorThread: <ErrorHandlingJobQueue 'medium'>
INF [20100405-17:43:02.628] ostrich: Starting Retry process for high errors
INF [20100405-17:43:02.630] scheduler: Starting JobScheduler: <ErrorHandlingJobQueue 'high'>
INF [20100405-17:43:02.630] scheduler: Starting JobEvaluatorThread: <ErrorHandlingJobQueue 'high'>
INF [20100405-17:43:02.743] thrift: Reloading forwardings...
INF [20100405-17:43:02.759] thrift: Reloading forwardings...
INF [20100405-17:43:02.785] kestrel: Configuring queue high: journal=false, max_items=2147483647, max_size=9223372036854775807, max_age=0, max_journal_size=16777216, max_memory_size=36000000, max_journal_overflow=10, max_journal_size_absolute=9223372036854775807, discard_old_when_full=false, sync_journal=false
INF [20100405-17:43:02.786] kestrel: Configuring queue high_errors: journal=false, max_items=2147483647, max_size=9223372036854775807, max_age=0, max_journal_size=16777216, max_memory_size=36000000, max_journal_overflow=10, max_journal_size_absolute=9223372036854775807, discard_old_when_full=false, sync_journal=false
INF [20100405-17:43:02.790] kestrel: Configuring queue medium: journal=false, max_items=2147483647, max_size=9223372036854775807, max_age=0, max_journal_size=16777216, max_memory_size=36000000, max_journal_overflow=10, max_journal_size_absolute=9223372036854775807, discard_old_when_full=false, sync_journal=false
INF [20100405-17:43:02.791] kestrel: Configuring queue medium_errors: journal=false, max_items=2147483647, max_size=9223372036854775807, max_age=0, max_journal_size=16777216, max_memory_size=36000000, max_journal_overflow=10, max_journal_size_absolute=9223372036854775807, discard_old_when_full=false, sync_journal=false
INF [20100405-17:43:02.792] kestrel: Configuring queue low: journal=false, max_items=2147483647, max_size=9223372036854775807, max_age=0, max_journal_size=16777216, max_memory_size=36000000, max_journal_overflow=10, max_journal_size_absolute=9223372036854775807, discard_old_when_full=false, sync_journal=false
INF [20100405-17:43:02.793] kestrel: Configuring queue low_errors: journal=false, max_items=2147483647, max_size=9223372036854775807, max_age=0, max_journal_size=16777216, max_memory_size=36000000, max_journal_overflow=10, max_journal_size_absolute=9223372036854775807, discard_old_when_full=false, sync_journal=false
INF [20100405-17:43:03.033] ostrich: Starting Retry process for low errors
INF [20100405-17:43:03.035] scheduler: Starting JobScheduler: <ErrorHandlingJobQueue 'low'>
INF [20100405-17:43:03.035] scheduler: Starting JobEvaluatorThread: <ErrorHandlingJobQueue 'low'>
INF [20100405-17:43:03.037] ostrich: Starting Retry process for medium errors
INF [20100405-17:43:03.037] scheduler: Starting JobScheduler: <ErrorHandlingJobQueue 'medium'>
INF [20100405-17:43:03.037] scheduler: Starting JobEvaluatorThread: <ErrorHandlingJobQueue 'medium'>
INF [20100405-17:43:03.039] ostrich: Starting Retry process for high errors
INF [20100405-17:43:03.039] scheduler: Starting JobScheduler: <ErrorHandlingJobQueue 'high'>
INF [20100405-17:43:03.040] scheduler: Starting JobEvaluatorThread: <ErrorHandlingJobQueue 'high'>
INF [20100405-17:43:03.175] thrift: Reloading forwardings...
INF [20100405-17:43:03.193] jobs: Copying shard block (type Migrate) from 1 to 4: state=Map(cursor -> -1, write_only_shard_id -> 5, destination_shard_id -> 4, replicating_shard_id -> 6, source_shard_id -> 1, count -> 500, copy_class_name -> com.twitter.rowz.jobs.Copy)
INF [20100405-17:43:03.210] thrift: Reloading forwardings...
INF [20100405-17:43:03.280] jobs: Copying finished for (type Migrate) from 1 to 4
INF [20100405-17:43:27.276] kestrel: Configuring queue high: journal=false, max_items=2147483647, max_size=9223372036854775807, max_age=0, max_journal_size=16777216, max_memory_size=36000000, max_journal_overflow=10, max_journal_size_absolute=9223372036854775807, discard_old_when_full=false, sync_journal=false
INF [20100405-17:43:27.282] kestrel: Configuring queue high_errors: journal=false, max_items=2147483647, max_size=9223372036854775807, max_age=0, max_journal_size=16777216, max_memory_size=36000000, max_journal_overflow=10, max_journal_size_absolute=9223372036854775807, discard_old_when_full=false, sync_journal=false
INF [20100405-17:43:27.292] kestrel: Configuring queue medium: journal=false, max_items=2147483647, max_size=9223372036854775807, max_age=0, max_journal_size=16777216, max_memory_size=36000000, max_journal_overflow=10, max_journal_size_absolute=9223372036854775807, discard_old_when_full=false, sync_journal=false
INF [20100405-17:43:27.293] kestrel: Configuring queue medium_errors: journal=false, max_items=2147483647, max_size=9223372036854775807, max_age=0, max_journal_size=16777216, max_memory_size=36000000, max_journal_overflow=10, max_journal_size_absolute=9223372036854775807, discard_old_when_full=false, sync_journal=false
INF [20100405-17:43:27.294] kestrel: Configuring queue low: journal=false, max_items=2147483647, max_size=9223372036854775807, max_age=0, max_journal_size=16777216, max_memory_size=36000000, max_journal_overflow=10, max_journal_size_absolute=9223372036854775807, discard_old_when_full=false, sync_journal=false
INF [20100405-17:43:27.295] kestrel: Configuring queue low_errors: journal=false, max_items=2147483647, max_size=9223372036854775807, max_age=0, max_journal_size=16777216, max_memory_size=36000000, max_journal_overflow=10, max_journal_size_absolute=9223372036854775807, discard_old_when_full=false, sync_journal=false
INF [20100405-17:43:27.553] ostrich: Starting Retry process for low errors
INF [20100405-17:43:27.554] scheduler: Starting JobScheduler: <ErrorHandlingJobQueue 'low'>
INF [20100405-17:43:27.556] scheduler: Starting JobEvaluatorThread: <ErrorHandlingJobQueue 'low'>
INF [20100405-17:43:27.557] ostrich: Starting Retry process for medium errors
INF [20100405-17:43:27.560] scheduler: Starting JobScheduler: <ErrorHandlingJobQueue 'medium'>
INF [20100405-17:43:27.563] scheduler: Starting JobEvaluatorThread: <ErrorHandlingJobQueue 'medium'>
INF [20100405-17:43:27.565] ostrich: Starting Retry process for high errors
INF [20100405-17:43:27.566] scheduler: Starting JobScheduler: <ErrorHandlingJobQueue 'high'>
INF [20100405-17:43:27.566] scheduler: Starting JobEvaluatorThread: <ErrorHandlingJobQueue 'high'>
INF [20100405-17:43:27.644] thrift: Starting rowz (com.twitter.rowz.thrift.Rowz$Processor) on port 7919
INF [20100405-17:43:27.674] thrift: Starting rowz-jobs (com.twitter.gizzard.thrift.JobManager$Processor) on port 7921
INF [20100405-17:43:27.696] thrift: Starting rowz-shards (com.twitter.gizzard.thrift.ShardManager$Processor) on port 7920
INF [20100405-17:45:03.875] kestrel: Configuring queue high: journal=false, max_items=2147483647, max_size=9223372036854775807, max_age=0, max_journal_size=16777216, max_memory_size=36000000, max_journal_overflow=10, max_journal_size_absolute=9223372036854775807, discard_old_when_full=false, sync_journal=false
INF [20100405-17:45:03.881] kestrel: Configuring queue high_errors: journal=false, max_items=2147483647, max_size=9223372036854775807, max_age=0, max_journal_size=16777216, max_memory_size=36000000, max_journal_overflow=10, max_journal_size_absolute=9223372036854775807, discard_old_when_full=false, sync_journal=false
INF [20100405-17:45:03.890] kestrel: Configuring queue medium: journal=false, max_items=2147483647, max_size=9223372036854775807, max_age=0, max_journal_size=16777216, max_memory_size=36000000, max_journal_overflow=10, max_journal_size_absolute=9223372036854775807, discard_old_when_full=false, sync_journal=false
INF [20100405-17:45:03.891] kestrel: Configuring queue medium_errors: journal=false, max_items=2147483647, max_size=9223372036854775807, max_age=0, max_journal_size=16777216, max_memory_size=36000000, max_journal_overflow=10, max_journal_size_absolute=9223372036854775807, discard_old_when_full=false, sync_journal=false
INF [20100405-17:45:03.892] kestrel: Configuring queue low: journal=false, max_items=2147483647, max_size=9223372036854775807, max_age=0, max_journal_size=16777216, max_memory_size=36000000, max_journal_overflow=10, max_journal_size_absolute=9223372036854775807, discard_old_when_full=false, sync_journal=false
INF [20100405-17:45:03.893] kestrel: Configuring queue low_errors: journal=false, max_items=2147483647, max_size=9223372036854775807, max_age=0, max_journal_size=16777216, max_memory_size=36000000, max_journal_overflow=10, max_journal_size_absolute=9223372036854775807, discard_old_when_full=false, sync_journal=false
INF [20100405-17:45:04.037] ostrich: Starting Retry process for low errors
INF [20100405-17:45:04.039] scheduler: Starting JobScheduler: <ErrorHandlingJobQueue 'low'>
INF [20100405-17:45:04.041] scheduler: Starting JobEvaluatorThread: <ErrorHandlingJobQueue 'low'>
INF [20100405-17:45:04.044] ostrich: Starting Retry process for medium errors
INF [20100405-17:45:04.046] scheduler: Starting JobScheduler: <ErrorHandlingJobQueue 'medium'>
INF [20100405-17:45:04.047] scheduler: Starting JobEvaluatorThread: <ErrorHandlingJobQueue 'medium'>
INF [20100405-17:45:04.051] ostrich: Starting Retry process for high errors
INF [20100405-17:45:04.052] scheduler: Starting JobScheduler: <ErrorHandlingJobQueue 'high'>
INF [20100405-17:45:04.052] scheduler: Starting JobEvaluatorThread: <ErrorHandlingJobQueue 'high'>
INF [20100405-17:45:04.456] kestrel: Configuring queue high: journal=false, max_items=2147483647, max_size=9223372036854775807, max_age=0, max_journal_size=16777216, max_memory_size=36000000, max_journal_overflow=10, max_journal_size_absolute=9223372036854775807, discard_old_when_full=false, sync_journal=false
INF [20100405-17:45:04.457] kestrel: Configuring queue high_errors: journal=false, max_items=2147483647, max_size=9223372036854775807, max_age=0, max_journal_size=16777216, max_memory_size=36000000, max_journal_overflow=10, max_journal_size_absolute=9223372036854775807, discard_old_when_full=false, sync_journal=false
INF [20100405-17:45:04.458] kestrel: Configuring queue medium: journal=false, max_items=2147483647, max_size=9223372036854775807, max_age=0, max_journal_size=16777216, max_memory_size=36000000, max_journal_overflow=10, max_journal_size_absolute=9223372036854775807, discard_old_when_full=false, sync_journal=false
INF [20100405-17:45:04.458] kestrel: Configuring queue medium_errors: journal=false, max_items=2147483647, max_size=9223372036854775807, max_age=0, max_journal_size=16777216, max_memory_size=36000000, max_journal_overflow=10, max_journal_size_absolute=9223372036854775807, discard_old_when_full=false, sync_journal=false
INF [20100405-17:45:04.459] kestrel: Configuring queue low: journal=false, max_items=2147483647, max_size=9223372036854775807, max_age=0, max_journal_size=16777216, max_memory_size=36000000, max_journal_overflow=10, max_journal_size_absolute=9223372036854775807, discard_old_when_full=false, sync_journal=false
INF [20100405-17:45:04.460] kestrel: Configuring queue low_errors: journal=false, max_items=2147483647, max_size=9223372036854775807, max_age=0, max_journal_size=16777216, max_memory_size=36000000, max_journal_overflow=10, max_journal_size_absolute=9223372036854775807, discard_old_when_full=false, sync_journal=false
INF [20100405-17:45:04.561] ostrich: Starting Retry process for low errors
INF [20100405-17:45:04.561] scheduler: Starting JobScheduler: <ErrorHandlingJobQueue 'low'>
INF [20100405-17:45:04.562] scheduler: Starting JobEvaluatorThread: <ErrorHandlingJobQueue 'low'>
INF [20100405-17:45:04.563] ostrich: Starting Retry process for medium errors
INF [20100405-17:45:04.564] scheduler: Starting JobScheduler: <ErrorHandlingJobQueue 'medium'>
INF [20100405-17:45:04.564] scheduler: Starting JobEvaluatorThread: <ErrorHandlingJobQueue 'medium'>
INF [20100405-17:45:04.565] ostrich: Starting Retry process for high errors
INF [20100405-17:45:04.566] scheduler: Starting JobScheduler: <ErrorHandlingJobQueue 'high'>
INF [20100405-17:45:04.566] scheduler: Starting JobEvaluatorThread: <ErrorHandlingJobQueue 'high'>
INF [20100405-17:45:04.676] thrift: Reloading forwardings...
INF [20100405-17:45:04.687] thrift: Reloading forwardings...
INF [20100405-17:45:04.714] kestrel: Configuring queue high: journal=false, max_items=2147483647, max_size=9223372036854775807, max_age=0, max_journal_size=16777216, max_memory_size=36000000, max_journal_overflow=10, max_journal_size_absolute=9223372036854775807, discard_old_when_full=false, sync_journal=false
INF [20100405-17:45:04.715] kestrel: Configuring queue high_errors: journal=false, max_items=2147483647, max_size=9223372036854775807, max_age=0, max_journal_size=16777216, max_memory_size=36000000, max_journal_overflow=10, max_journal_size_absolute=9223372036854775807, discard_old_when_full=false, sync_journal=false
INF [20100405-17:45:04.718] kestrel: Configuring queue medium: journal=false, max_items=2147483647, max_size=9223372036854775807, max_age=0, max_journal_size=16777216, max_memory_size=36000000, max_journal_overflow=10, max_journal_size_absolute=9223372036854775807, discard_old_when_full=false, sync_journal=false
INF [20100405-17:45:04.719] kestrel: Configuring queue medium_errors: journal=false, max_items=2147483647, max_size=9223372036854775807, max_age=0, max_journal_size=16777216, max_memory_size=36000000, max_journal_overflow=10, max_journal_size_absolute=9223372036854775807, discard_old_when_full=false, sync_journal=false
INF [20100405-17:45:04.720] kestrel: Configuring queue low: journal=false, max_items=2147483647, max_size=9223372036854775807, max_age=0, max_journal_size=16777216, max_memory_size=36000000, max_journal_overflow=10, max_journal_size_absolute=9223372036854775807, discard_old_when_full=false, sync_journal=false
INF [20100405-17:45:04.721] kestrel: Configuring queue low_errors: journal=false, max_items=2147483647, max_size=9223372036854775807, max_age=0, max_journal_size=16777216, max_memory_size=36000000, max_journal_overflow=10, max_journal_size_absolute=9223372036854775807, discard_old_when_full=false, sync_journal=false
INF [20100405-17:45:04.842] ostrich: Starting Retry process for low errors
INF [20100405-17:45:04.842] scheduler: Starting JobScheduler: <ErrorHandlingJobQueue 'low'>
INF [20100405-17:45:04.843] scheduler: Starting JobEvaluatorThread: <ErrorHandlingJobQueue 'low'>
INF [20100405-17:45:04.845] ostrich: Starting Retry process for medium errors
INF [20100405-17:45:04.846] scheduler: Starting JobScheduler: <ErrorHandlingJobQueue 'medium'>
INF [20100405-17:45:04.846] scheduler: Starting JobEvaluatorThread: <ErrorHandlingJobQueue 'medium'>
INF [20100405-17:45:04.848] ostrich: Starting Retry process for high errors
INF [20100405-17:45:04.849] scheduler: Starting JobScheduler: <ErrorHandlingJobQueue 'high'>
INF [20100405-17:45:04.850] scheduler: Starting JobEvaluatorThread: <ErrorHandlingJobQueue 'high'>
INF [20100405-17:45:05.003] thrift: Reloading forwardings...
INF [20100405-17:45:05.034] jobs: Copying shard block (type Migrate) from 1 to 4: state=Map(cursor -> -1, write_only_shard_id -> 5, destination_shard_id -> 4, replicating_shard_id -> 6, source_shard_id -> 1, count -> 500, copy_class_name -> com.twitter.rowz.jobs.Copy)
INF [20100405-17:45:05.034] thrift: Reloading forwardings...
INF [20100405-17:45:05.110] jobs: Copying finished for (type Migrate) from 1 to 4
INF [20100405-17:45:09.158] kestrel: Configuring queue high: journal=false, max_items=2147483647, max_size=9223372036854775807, max_age=0, max_journal_size=16777216, max_memory_size=36000000, max_journal_overflow=10, max_journal_size_absolute=9223372036854775807, discard_old_when_full=false, sync_journal=false
INF [20100405-17:45:09.164] kestrel: Configuring queue high_errors: journal=false, max_items=2147483647, max_size=9223372036854775807, max_age=0, max_journal_size=16777216, max_memory_size=36000000, max_journal_overflow=10, max_journal_size_absolute=9223372036854775807, discard_old_when_full=false, sync_journal=false
INF [20100405-17:45:09.177] kestrel: Configuring queue medium: journal=false, max_items=2147483647, max_size=9223372036854775807, max_age=0, max_journal_size=16777216, max_memory_size=36000000, max_journal_overflow=10, max_journal_size_absolute=9223372036854775807, discard_old_when_full=false, sync_journal=false
INF [20100405-17:45:09.178] kestrel: Configuring queue medium_errors: journal=false, max_items=2147483647, max_size=9223372036854775807, max_age=0, max_journal_size=16777216, max_memory_size=36000000, max_journal_overflow=10, max_journal_size_absolute=9223372036854775807, discard_old_when_full=false, sync_journal=false
INF [20100405-17:45:09.179] kestrel: Configuring queue low: journal=false, max_items=2147483647, max_size=9223372036854775807, max_age=0, max_journal_size=16777216, max_memory_size=36000000, max_journal_overflow=10, max_journal_size_absolute=9223372036854775807, discard_old_when_full=false, sync_journal=false
INF [20100405-17:45:09.181] kestrel: Configuring queue low_errors: journal=false, max_items=2147483647, max_size=9223372036854775807, max_age=0, max_journal_size=16777216, max_memory_size=36000000, max_journal_overflow=10, max_journal_size_absolute=9223372036854775807, discard_old_when_full=false, sync_journal=false
INF [20100405-17:45:09.459] ostrich: Starting Retry process for low errors
INF [20100405-17:45:09.461] scheduler: Starting JobScheduler: <ErrorHandlingJobQueue 'low'>
INF [20100405-17:45:09.462] scheduler: Starting JobEvaluatorThread: <ErrorHandlingJobQueue 'low'>
INF [20100405-17:45:09.471] ostrich: Starting Retry process for medium errors
INF [20100405-17:45:09.474] scheduler: Starting JobScheduler: <ErrorHandlingJobQueue 'medium'>
INF [20100405-17:45:09.479] scheduler: Starting JobEvaluatorThread: <ErrorHandlingJobQueue 'medium'>
INF [20100405-17:45:09.496] ostrich: Starting Retry process for high errors
INF [20100405-17:45:09.497] scheduler: Starting JobScheduler: <ErrorHandlingJobQueue 'high'>
INF [20100405-17:45:09.497] scheduler: Starting JobEvaluatorThread: <ErrorHandlingJobQueue 'high'>
INF [20100405-17:46:01.046] kestrel: Configuring queue high: journal=false, max_items=2147483647, max_size=9223372036854775807, max_age=0, max_journal_size=16777216, max_memory_size=36000000, max_journal_overflow=10, max_journal_size_absolute=9223372036854775807, discard_old_when_full=false, sync_journal=false
INF [20100405-17:46:01.052] kestrel: Configuring queue high_errors: journal=false, max_items=2147483647, max_size=9223372036854775807, max_age=0, max_journal_size=16777216, max_memory_size=36000000, max_journal_overflow=10, max_journal_size_absolute=9223372036854775807, discard_old_when_full=false, sync_journal=false
INF [20100405-17:46:01.058] kestrel: Configuring queue medium: journal=false, max_items=2147483647, max_size=9223372036854775807, max_age=0, max_journal_size=16777216, max_memory_size=36000000, max_journal_overflow=10, max_journal_size_absolute=9223372036854775807, discard_old_when_full=false, sync_journal=false
INF [20100405-17:46:01.059] kestrel: Configuring queue medium_errors: journal=false, max_items=2147483647, max_size=9223372036854775807, max_age=0, max_journal_size=16777216, max_memory_size=36000000, max_journal_overflow=10, max_journal_size_absolute=9223372036854775807, discard_old_when_full=false, sync_journal=false
INF [20100405-17:46:01.060] kestrel: Configuring queue low: journal=false, max_items=2147483647, max_size=9223372036854775807, max_age=0, max_journal_size=16777216, max_memory_size=36000000, max_journal_overflow=10, max_journal_size_absolute=9223372036854775807, discard_old_when_full=false, sync_journal=false
INF [20100405-17:46:01.061] kestrel: Configuring queue low_errors: journal=false, max_items=2147483647, max_size=9223372036854775807, max_age=0, max_journal_size=16777216, max_memory_size=36000000, max_journal_overflow=10, max_journal_size_absolute=9223372036854775807, discard_old_when_full=false, sync_journal=false
INF [20100405-17:46:01.201] ostrich: Starting Retry process for low errors
INF [20100405-17:46:01.202] scheduler: Starting JobScheduler: <ErrorHandlingJobQueue 'low'>
INF [20100405-17:46:01.204] scheduler: Starting JobEvaluatorThread: <ErrorHandlingJobQueue 'low'>
INF [20100405-17:46:01.210] ostrich: Starting Retry process for medium errors
INF [20100405-17:46:01.210] scheduler: Starting JobScheduler: <ErrorHandlingJobQueue 'medium'>
INF [20100405-17:46:01.216] scheduler: Starting JobEvaluatorThread: <ErrorHandlingJobQueue 'medium'>
INF [20100405-17:46:01.217] ostrich: Starting Retry process for high errors
INF [20100405-17:46:01.218] scheduler: Starting JobScheduler: <ErrorHandlingJobQueue 'high'>
INF [20100405-17:46:01.218] scheduler: Starting JobEvaluatorThread: <ErrorHandlingJobQueue 'high'>
INF [20100405-17:46:01.640] kestrel: Configuring queue high: journal=false, max_items=2147483647, max_size=9223372036854775807, max_age=0, max_journal_size=16777216, max_memory_size=36000000, max_journal_overflow=10, max_journal_size_absolute=9223372036854775807, discard_old_when_full=false, sync_journal=false
INF [20100405-17:46:01.643] kestrel: Configuring queue high_errors: journal=false, max_items=2147483647, max_size=9223372036854775807, max_age=0, max_journal_size=16777216, max_memory_size=36000000, max_journal_overflow=10, max_journal_size_absolute=9223372036854775807, discard_old_when_full=false, sync_journal=false
INF [20100405-17:46:01.644] kestrel: Configuring queue medium: journal=false, max_items=2147483647, max_size=9223372036854775807, max_age=0, max_journal_size=16777216, max_memory_size=36000000, max_journal_overflow=10, max_journal_size_absolute=9223372036854775807, discard_old_when_full=false, sync_journal=false
INF [20100405-17:46:01.645] kestrel: Configuring queue medium_errors: journal=false, max_items=2147483647, max_size=9223372036854775807, max_age=0, max_journal_size=16777216, max_memory_size=36000000, max_journal_overflow=10, max_journal_size_absolute=9223372036854775807, discard_old_when_full=false, sync_journal=false
INF [20100405-17:46:01.646] kestrel: Configuring queue low: journal=false, max_items=2147483647, max_size=9223372036854775807, max_age=0, max_journal_size=16777216, max_memory_size=36000000, max_journal_overflow=10, max_journal_size_absolute=9223372036854775807, discard_old_when_full=false, sync_journal=false
INF [20100405-17:46:01.647] kestrel: Configuring queue low_errors: journal=false, max_items=2147483647, max_size=9223372036854775807, max_age=0, max_journal_size=16777216, max_memory_size=36000000, max_journal_overflow=10, max_journal_size_absolute=9223372036854775807, discard_old_when_full=false, sync_journal=false
INF [20100405-17:46:01.732] ostrich: Starting Retry process for low errors
INF [20100405-17:46:01.733] scheduler: Starting JobScheduler: <ErrorHandlingJobQueue 'low'>
INF [20100405-17:46:01.733] scheduler: Starting JobEvaluatorThread: <ErrorHandlingJobQueue 'low'>
INF [20100405-17:46:01.734] ostrich: Starting Retry process for medium errors
INF [20100405-17:46:01.735] scheduler: Starting JobScheduler: <ErrorHandlingJobQueue 'medium'>
INF [20100405-17:46:01.735] scheduler: Starting JobEvaluatorThread: <ErrorHandlingJobQueue 'medium'>
INF [20100405-17:46:01.737] ostrich: Starting Retry process for high errors
INF [20100405-17:46:01.737] scheduler: Starting JobScheduler: <ErrorHandlingJobQueue 'high'>
INF [20100405-17:46:01.737] scheduler: Starting JobEvaluatorThread: <ErrorHandlingJobQueue 'high'>
INF [20100405-17:46:01.847] thrift: Reloading forwardings...
INF [20100405-17:46:01.860] thrift: Reloading forwardings...
INF [20100405-17:46:01.890] kestrel: Configuring queue high: journal=false, max_items=2147483647, max_size=9223372036854775807, max_age=0, max_journal_size=16777216, max_memory_size=36000000, max_journal_overflow=10, max_journal_size_absolute=9223372036854775807, discard_old_when_full=false, sync_journal=false
INF [20100405-17:46:01.891] kestrel: Configuring queue high_errors: journal=false, max_items=2147483647, max_size=9223372036854775807, max_age=0, max_journal_size=16777216, max_memory_size=36000000, max_journal_overflow=10, max_journal_size_absolute=9223372036854775807, discard_old_when_full=false, sync_journal=false
INF [20100405-17:46:01.895] kestrel: Configuring queue medium: journal=false, max_items=2147483647, max_size=9223372036854775807, max_age=0, max_journal_size=16777216, max_memory_size=36000000, max_journal_overflow=10, max_journal_size_absolute=9223372036854775807, discard_old_when_full=false, sync_journal=false
INF [20100405-17:46:01.896] kestrel: Configuring queue medium_errors: journal=false, max_items=2147483647, max_size=9223372036854775807, max_age=0, max_journal_size=16777216, max_memory_size=36000000, max_journal_overflow=10, max_journal_size_absolute=9223372036854775807, discard_old_when_full=false, sync_journal=false
INF [20100405-17:46:01.897] kestrel: Configuring queue low: journal=false, max_items=2147483647, max_size=9223372036854775807, max_age=0, max_journal_size=16777216, max_memory_size=36000000, max_journal_overflow=10, max_journal_size_absolute=9223372036854775807, discard_old_when_full=false, sync_journal=false
INF [20100405-17:46:01.904] kestrel: Configuring queue low_errors: journal=false, max_items=2147483647, max_size=9223372036854775807, max_age=0, max_journal_size=16777216, max_memory_size=36000000, max_journal_overflow=10, max_journal_size_absolute=9223372036854775807, discard_old_when_full=false, sync_journal=false
INF [20100405-17:46:02.003] ostrich: Starting Retry process for low errors
INF [20100405-17:46:02.030] scheduler: Starting JobScheduler: <ErrorHandlingJobQueue 'low'>
INF [20100405-17:46:02.030] scheduler: Starting JobEvaluatorThread: <ErrorHandlingJobQueue 'low'>
INF [20100405-17:46:02.034] ostrich: Starting Retry process for medium errors
INF [20100405-17:46:02.035] scheduler: Starting JobScheduler: <ErrorHandlingJobQueue 'medium'>
INF [20100405-17:46:02.035] scheduler: Starting JobEvaluatorThread: <ErrorHandlingJobQueue 'medium'>
INF [20100405-17:46:02.037] ostrich: Starting Retry process for high errors
INF [20100405-17:46:02.040] scheduler: Starting JobScheduler: <ErrorHandlingJobQueue 'high'>
INF [20100405-17:46:02.040] scheduler: Starting JobEvaluatorThread: <ErrorHandlingJobQueue 'high'>
INF [20100405-17:46:02.159] thrift: Reloading forwardings...
INF [20100405-17:46:02.182] jobs: Copying shard block (type Migrate) from 1 to 4: state=Map(cursor -> -1, write_only_shard_id -> 5, destination_shard_id -> 4, replicating_shard_id -> 6, source_shard_id -> 1, count -> 500, copy_class_name -> com.twitter.rowz.jobs.Copy)
INF [20100405-17:46:02.187] thrift: Reloading forwardings...
INF [20100405-17:46:02.239] jobs: Copying finished for (type Migrate) from 1 to 4
INF [20100405-17:46:30.446] kestrel: Configuring queue high: journal=false, max_items=2147483647, max_size=9223372036854775807, max_age=0, max_journal_size=16777216, max_memory_size=36000000, max_journal_overflow=10, max_journal_size_absolute=9223372036854775807, discard_old_when_full=false, sync_journal=false
INF [20100405-17:46:30.452] kestrel: Configuring queue high_errors: journal=false, max_items=2147483647, max_size=9223372036854775807, max_age=0, max_journal_size=16777216, max_memory_size=36000000, max_journal_overflow=10, max_journal_size_absolute=9223372036854775807, discard_old_when_full=false, sync_journal=false
INF [20100405-17:46:30.461] kestrel: Configuring queue medium: journal=false, max_items=2147483647, max_size=9223372036854775807, max_age=0, max_journal_size=16777216, max_memory_size=36000000, max_journal_overflow=10, max_journal_size_absolute=9223372036854775807, discard_old_when_full=false, sync_journal=false
INF [20100405-17:46:30.462] kestrel: Configuring queue medium_errors: journal=false, max_items=2147483647, max_size=9223372036854775807, max_age=0, max_journal_size=16777216, max_memory_size=36000000, max_journal_overflow=10, max_journal_size_absolute=9223372036854775807, discard_old_when_full=false, sync_journal=false
INF [20100405-17:46:30.464] kestrel: Configuring queue low: journal=false, max_items=2147483647, max_size=9223372036854775807, max_age=0, max_journal_size=16777216, max_memory_size=36000000, max_journal_overflow=10, max_journal_size_absolute=9223372036854775807, discard_old_when_full=false, sync_journal=false
INF [20100405-17:46:30.464] kestrel: Configuring queue low_errors: journal=false, max_items=2147483647, max_size=9223372036854775807, max_age=0, max_journal_size=16777216, max_memory_size=36000000, max_journal_overflow=10, max_journal_size_absolute=9223372036854775807, discard_old_when_full=false, sync_journal=false
INF [20100405-17:46:30.716] ostrich: Starting Retry process for low errors
INF [20100405-17:46:30.717] scheduler: Starting JobScheduler: <ErrorHandlingJobQueue 'low'>
INF [20100405-17:46:30.718] scheduler: Starting JobEvaluatorThread: <ErrorHandlingJobQueue 'low'>
INF [20100405-17:46:30.720] ostrich: Starting Retry process for medium errors
INF [20100405-17:46:30.720] scheduler: Starting JobScheduler: <ErrorHandlingJobQueue 'medium'>
INF [20100405-17:46:30.727] scheduler: Starting JobEvaluatorThread: <ErrorHandlingJobQueue 'medium'>
INF [20100405-17:46:30.729] ostrich: Starting Retry process for high errors
INF [20100405-17:46:30.730] scheduler: Starting JobScheduler: <ErrorHandlingJobQueue 'high'>
INF [20100405-17:46:30.730] scheduler: Starting JobEvaluatorThread: <ErrorHandlingJobQueue 'high'>
INF [20100405-17:46:33.597] kestrel: Configuring queue high: journal=false, max_items=2147483647, max_size=9223372036854775807, max_age=0, max_journal_size=16777216, max_memory_size=36000000, max_journal_overflow=10, max_journal_size_absolute=9223372036854775807, discard_old_when_full=false, sync_journal=false
INF [20100405-17:46:33.604] kestrel: Configuring queue high_errors: journal=false, max_items=2147483647, max_size=9223372036854775807, max_age=0, max_journal_size=16777216, max_memory_size=36000000, max_journal_overflow=10, max_journal_size_absolute=9223372036854775807, discard_old_when_full=false, sync_journal=false
INF [20100405-17:46:33.613] kestrel: Configuring queue medium: journal=false, max_items=2147483647, max_size=9223372036854775807, max_age=0, max_journal_size=16777216, max_memory_size=36000000, max_journal_overflow=10, max_journal_size_absolute=9223372036854775807, discard_old_when_full=false, sync_journal=false
INF [20100405-17:46:33.614] kestrel: Configuring queue medium_errors: journal=false, max_items=2147483647, max_size=9223372036854775807, max_age=0, max_journal_size=16777216, max_memory_size=36000000, max_journal_overflow=10, max_journal_size_absolute=9223372036854775807, discard_old_when_full=false, sync_journal=false
INF [20100405-17:46:33.615] kestrel: Configuring queue low: journal=false, max_items=2147483647, max_size=9223372036854775807, max_age=0, max_journal_size=16777216, max_memory_size=36000000, max_journal_overflow=10, max_journal_size_absolute=9223372036854775807, discard_old_when_full=false, sync_journal=false
INF [20100405-17:46:33.616] kestrel: Configuring queue low_errors: journal=false, max_items=2147483647, max_size=9223372036854775807, max_age=0, max_journal_size=16777216, max_memory_size=36000000, max_journal_overflow=10, max_journal_size_absolute=9223372036854775807, discard_old_when_full=false, sync_journal=false
INF [20100405-17:46:33.874] ostrich: Starting Retry process for low errors
INF [20100405-17:46:33.874] scheduler: Starting JobScheduler: <ErrorHandlingJobQueue 'low'>
INF [20100405-17:46:33.876] scheduler: Starting JobEvaluatorThread: <ErrorHandlingJobQueue 'low'>
INF [20100405-17:46:33.878] ostrich: Starting Retry process for medium errors
INF [20100405-17:46:33.881] scheduler: Starting JobScheduler: <ErrorHandlingJobQueue 'medium'>
INF [20100405-17:46:33.885] scheduler: Starting JobEvaluatorThread: <ErrorHandlingJobQueue 'medium'>
INF [20100405-17:46:33.900] ostrich: Starting Retry process for high errors
INF [20100405-17:46:33.901] scheduler: Starting JobScheduler: <ErrorHandlingJobQueue 'high'>
INF [20100405-17:46:33.901] scheduler: Starting JobEvaluatorThread: <ErrorHandlingJobQueue 'high'>
INF [20100405-17:47:37.487] kestrel: Configuring queue high: journal=false, max_items=2147483647, max_size=9223372036854775807, max_age=0, max_journal_size=16777216, max_memory_size=36000000, max_journal_overflow=10, max_journal_size_absolute=9223372036854775807, discard_old_when_full=false, sync_journal=false
INF [20100405-17:47:37.492] kestrel: Configuring queue high_errors: journal=false, max_items=2147483647, max_size=9223372036854775807, max_age=0, max_journal_size=16777216, max_memory_size=36000000, max_journal_overflow=10, max_journal_size_absolute=9223372036854775807, discard_old_when_full=false, sync_journal=false
INF [20100405-17:47:37.499] kestrel: Configuring queue medium: journal=false, max_items=2147483647, max_size=9223372036854775807, max_age=0, max_journal_size=16777216, max_memory_size=36000000, max_journal_overflow=10, max_journal_size_absolute=9223372036854775807, discard_old_when_full=false, sync_journal=false
INF [20100405-17:47:37.500] kestrel: Configuring queue medium_errors: journal=false, max_items=2147483647, max_size=9223372036854775807, max_age=0, max_journal_size=16777216, max_memory_size=36000000, max_journal_overflow=10, max_journal_size_absolute=9223372036854775807, discard_old_when_full=false, sync_journal=false
INF [20100405-17:47:37.501] kestrel: Configuring queue low: journal=false, max_items=2147483647, max_size=9223372036854775807, max_age=0, max_journal_size=16777216, max_memory_size=36000000, max_journal_overflow=10, max_journal_size_absolute=9223372036854775807, discard_old_when_full=false, sync_journal=false
INF [20100405-17:47:37.502] kestrel: Configuring queue low_errors: journal=false, max_items=2147483647, max_size=9223372036854775807, max_age=0, max_journal_size=16777216, max_memory_size=36000000, max_journal_overflow=10, max_journal_size_absolute=9223372036854775807, discard_old_when_full=false, sync_journal=false
INF [20100405-17:47:37.664] ostrich: Starting Retry process for low errors
INF [20100405-17:47:37.665] scheduler: Starting JobScheduler: <ErrorHandlingJobQueue 'low'>
INF [20100405-17:47:37.668] scheduler: Starting JobEvaluatorThread: <ErrorHandlingJobQueue 'low'>
INF [20100405-17:47:37.673] ostrich: Starting Retry process for medium errors
INF [20100405-17:47:37.681] scheduler: Starting JobScheduler: <ErrorHandlingJobQueue 'medium'>
INF [20100405-17:47:37.681] scheduler: Starting JobEvaluatorThread: <ErrorHandlingJobQueue 'medium'>
INF [20100405-17:47:37.683] ostrich: Starting Retry process for high errors
INF [20100405-17:47:37.683] scheduler: Starting JobScheduler: <ErrorHandlingJobQueue 'high'>
INF [20100405-17:47:37.684] scheduler: Starting JobEvaluatorThread: <ErrorHandlingJobQueue 'high'>
INF [20100405-17:47:38.082] kestrel: Configuring queue high: journal=false, max_items=2147483647, max_size=9223372036854775807, max_age=0, max_journal_size=16777216, max_memory_size=36000000, max_journal_overflow=10, max_journal_size_absolute=9223372036854775807, discard_old_when_full=false, sync_journal=false
INF [20100405-17:47:38.083] kestrel: Configuring queue high_errors: journal=false, max_items=2147483647, max_size=9223372036854775807, max_age=0, max_journal_size=16777216, max_memory_size=36000000, max_journal_overflow=10, max_journal_size_absolute=9223372036854775807, discard_old_when_full=false, sync_journal=false
INF [20100405-17:47:38.084] kestrel: Configuring queue medium: journal=false, max_items=2147483647, max_size=9223372036854775807, max_age=0, max_journal_size=16777216, max_memory_size=36000000, max_journal_overflow=10, max_journal_size_absolute=9223372036854775807, discard_old_when_full=false, sync_journal=false
INF [20100405-17:47:38.085] kestrel: Configuring queue medium_errors: journal=false, max_items=2147483647, max_size=9223372036854775807, max_age=0, max_journal_size=16777216, max_memory_size=36000000, max_journal_overflow=10, max_journal_size_absolute=9223372036854775807, discard_old_when_full=false, sync_journal=false
INF [20100405-17:47:38.086] kestrel: Configuring queue low: journal=false, max_items=2147483647, max_size=9223372036854775807, max_age=0, max_journal_size=16777216, max_memory_size=36000000, max_journal_overflow=10, max_journal_size_absolute=9223372036854775807, discard_old_when_full=false, sync_journal=false
INF [20100405-17:47:38.086] kestrel: Configuring queue low_errors: journal=false, max_items=2147483647, max_size=9223372036854775807, max_age=0, max_journal_size=16777216, max_memory_size=36000000, max_journal_overflow=10, max_journal_size_absolute=9223372036854775807, discard_old_when_full=false, sync_journal=false
INF [20100405-17:47:38.181] ostrich: Starting Retry process for low errors
INF [20100405-17:47:38.182] scheduler: Starting JobScheduler: <ErrorHandlingJobQueue 'low'>
INF [20100405-17:47:38.183] scheduler: Starting JobEvaluatorThread: <ErrorHandlingJobQueue 'low'>
INF [20100405-17:47:38.184] ostrich: Starting Retry process for medium errors
INF [20100405-17:47:38.185] scheduler: Starting JobScheduler: <ErrorHandlingJobQueue 'medium'>
INF [20100405-17:47:38.185] scheduler: Starting JobEvaluatorThread: <ErrorHandlingJobQueue 'medium'>
INF [20100405-17:47:38.186] ostrich: Starting Retry process for high errors
INF [20100405-17:47:38.187] scheduler: Starting JobScheduler: <ErrorHandlingJobQueue 'high'>
INF [20100405-17:47:38.187] scheduler: Starting JobEvaluatorThread: <ErrorHandlingJobQueue 'high'>
INF [20100405-17:47:38.296] thrift: Reloading forwardings...
INF [20100405-17:47:38.309] thrift: Reloading forwardings...
INF [20100405-17:47:38.337] kestrel: Configuring queue high: journal=false, max_items=2147483647, max_size=9223372036854775807, max_age=0, max_journal_size=16777216, max_memory_size=36000000, max_journal_overflow=10, max_journal_size_absolute=9223372036854775807, discard_old_when_full=false, sync_journal=false
INF [20100405-17:47:38.338] kestrel: Configuring queue high_errors: journal=false, max_items=2147483647, max_size=9223372036854775807, max_age=0, max_journal_size=16777216, max_memory_size=36000000, max_journal_overflow=10, max_journal_size_absolute=9223372036854775807, discard_old_when_full=false, sync_journal=false
INF [20100405-17:47:38.341] kestrel: Configuring queue medium: journal=false, max_items=2147483647, max_size=9223372036854775807, max_age=0, max_journal_size=16777216, max_memory_size=36000000, max_journal_overflow=10, max_journal_size_absolute=9223372036854775807, discard_old_when_full=false, sync_journal=false
INF [20100405-17:47:38.342] kestrel: Configuring queue medium_errors: journal=false, max_items=2147483647, max_size=9223372036854775807, max_age=0, max_journal_size=16777216, max_memory_size=36000000, max_journal_overflow=10, max_journal_size_absolute=9223372036854775807, discard_old_when_full=false, sync_journal=false
INF [20100405-17:47:38.343] kestrel: Configuring queue low: journal=false, max_items=2147483647, max_size=9223372036854775807, max_age=0, max_journal_size=16777216, max_memory_size=36000000, max_journal_overflow=10, max_journal_size_absolute=9223372036854775807, discard_old_when_full=false, sync_journal=false
INF [20100405-17:47:38.344] kestrel: Configuring queue low_errors: journal=false, max_items=2147483647, max_size=9223372036854775807, max_age=0, max_journal_size=16777216, max_memory_size=36000000, max_journal_overflow=10, max_journal_size_absolute=9223372036854775807, discard_old_when_full=false, sync_journal=false
INF [20100405-17:47:38.559] ostrich: Starting Retry process for low errors
INF [20100405-17:47:38.560] scheduler: Starting JobScheduler: <ErrorHandlingJobQueue 'low'>
INF [20100405-17:47:38.560] scheduler: Starting JobEvaluatorThread: <ErrorHandlingJobQueue 'low'>
INF [20100405-17:47:38.561] ostrich: Starting Retry process for medium errors
INF [20100405-17:47:38.562] scheduler: Starting JobScheduler: <ErrorHandlingJobQueue 'medium'>
INF [20100405-17:47:38.562] scheduler: Starting JobEvaluatorThread: <ErrorHandlingJobQueue 'medium'>
INF [20100405-17:47:38.564] ostrich: Starting Retry process for high errors
INF [20100405-17:47:38.564] scheduler: Starting JobScheduler: <ErrorHandlingJobQueue 'high'>
INF [20100405-17:47:38.565] scheduler: Starting JobEvaluatorThread: <ErrorHandlingJobQueue 'high'>
INF [20100405-17:47:38.702] thrift: Reloading forwardings...
INF [20100405-17:47:38.726] jobs: Copying shard block (type Migrate) from 1 to 4: state=Map(cursor -> -1, write_only_shard_id -> 5, destination_shard_id -> 4, replicating_shard_id -> 6, source_shard_id -> 1, count -> 500, copy_class_name -> com.twitter.rowz.jobs.Copy)
INF [20100405-17:47:38.733] thrift: Reloading forwardings...
INF [20100405-17:47:38.820] jobs: Copying finished for (type Migrate) from 1 to 4
INF [20100405-17:47:52.348] kestrel: Configuring queue high: journal=false, max_items=2147483647, max_size=9223372036854775807, max_age=0, max_journal_size=16777216, max_memory_size=36000000, max_journal_overflow=10, max_journal_size_absolute=9223372036854775807, discard_old_when_full=false, sync_journal=false
INF [20100405-17:47:52.354] kestrel: Configuring queue high_errors: journal=false, max_items=2147483647, max_size=9223372036854775807, max_age=0, max_journal_size=16777216, max_memory_size=36000000, max_journal_overflow=10, max_journal_size_absolute=9223372036854775807, discard_old_when_full=false, sync_journal=false
INF [20100405-17:47:52.363] kestrel: Configuring queue medium: journal=false, max_items=2147483647, max_size=9223372036854775807, max_age=0, max_journal_size=16777216, max_memory_size=36000000, max_journal_overflow=10, max_journal_size_absolute=9223372036854775807, discard_old_when_full=false, sync_journal=false
INF [20100405-17:47:52.364] kestrel: Configuring queue medium_errors: journal=false, max_items=2147483647, max_size=9223372036854775807, max_age=0, max_journal_size=16777216, max_memory_size=36000000, max_journal_overflow=10, max_journal_size_absolute=9223372036854775807, discard_old_when_full=false, sync_journal=false
INF [20100405-17:47:52.366] kestrel: Configuring queue low: journal=false, max_items=2147483647, max_size=9223372036854775807, max_age=0, max_journal_size=16777216, max_memory_size=36000000, max_journal_overflow=10, max_journal_size_absolute=9223372036854775807, discard_old_when_full=false, sync_journal=false
INF [20100405-17:47:52.366] kestrel: Configuring queue low_errors: journal=false, max_items=2147483647, max_size=9223372036854775807, max_age=0, max_journal_size=16777216, max_memory_size=36000000, max_journal_overflow=10, max_journal_size_absolute=9223372036854775807, discard_old_when_full=false, sync_journal=false
INF [20100405-17:47:52.626] ostrich: Starting Retry process for low errors
INF [20100405-17:47:52.627] scheduler: Starting JobScheduler: <ErrorHandlingJobQueue 'low'>
INF [20100405-17:47:52.629] scheduler: Starting JobEvaluatorThread: <ErrorHandlingJobQueue 'low'>
INF [20100405-17:47:52.635] ostrich: Starting Retry process for medium errors
INF [20100405-17:47:52.652] scheduler: Starting JobScheduler: <ErrorHandlingJobQueue 'medium'>
INF [20100405-17:47:52.655] scheduler: Starting JobEvaluatorThread: <ErrorHandlingJobQueue 'medium'>
INF [20100405-17:47:52.657] ostrich: Starting Retry process for high errors
INF [20100405-17:47:52.657] scheduler: Starting JobScheduler: <ErrorHandlingJobQueue 'high'>
INF [20100405-17:47:52.657] scheduler: Starting JobEvaluatorThread: <ErrorHandlingJobQueue 'high'>
INF [20100405-17:47:52.678] thrift: Starting rowz (com.twitter.rowz.thrift.Rowz$Processor) on port 7919
INF [20100405-17:47:52.689] thrift: Starting rowz-jobs (com.twitter.gizzard.thrift.JobManager$Processor) on port 7921
INF [20100405-17:47:52.710] thrift: Starting rowz-shards (com.twitter.gizzard.thrift.ShardManager$Processor) on port 7920
